Archive member included to satisfy reference by file (symbol)

app/libapp.a(main.c.obj)      (--whole-archive)
zephyr/libzephyr.a(cbprintf_packaged.c.obj)
                              (--whole-archive)
zephyr/libzephyr.a(dec.c.obj)
                              (--whole-archive)
zephyr/libzephyr.a(fdtable.c.obj)
                              (--whole-archive)
zephyr/libzephyr.a(hex.c.obj)
                              (--whole-archive)
zephyr/libzephyr.a(printk.c.obj)
                              (--whole-archive)
zephyr/libzephyr.a(rb.c.obj)  (--whole-archive)
zephyr/libzephyr.a(sem.c.obj)
                              (--whole-archive)
zephyr/libzephyr.a(thread_entry.c.obj)
                              (--whole-archive)
zephyr/libzephyr.a(timeutil.c.obj)
                              (--whole-archive)
zephyr/libzephyr.a(heap.c.obj)
                              (--whole-archive)
zephyr/libzephyr.a(heap-validate.c.obj)
                              (--whole-archive)
zephyr/libzephyr.a(bitarray.c.obj)
                              (--whole-archive)
zephyr/libzephyr.a(multi_heap.c.obj)
                              (--whole-archive)
zephyr/libzephyr.a(onoff.c.obj)
                              (--whole-archive)
zephyr/libzephyr.a(notify.c.obj)
                              (--whole-archive)
zephyr/libzephyr.a(crc32c_sw.c.obj)
                              (--whole-archive)
zephyr/libzephyr.a(crc32_sw.c.obj)
                              (--whole-archive)
zephyr/libzephyr.a(crc16_sw.c.obj)
                              (--whole-archive)
zephyr/libzephyr.a(crc8_sw.c.obj)
                              (--whole-archive)
zephyr/libzephyr.a(crc7_sw.c.obj)
                              (--whole-archive)
zephyr/libzephyr.a(cbprintf_complete.c.obj)
                              (--whole-archive)
zephyr/libzephyr.a(cbprintf.c.obj)
                              (--whole-archive)
zephyr/libzephyr.a(assert.c.obj)
                              (--whole-archive)
zephyr/libzephyr.a(reboot.c.obj)
                              (--whole-archive)
zephyr/libzephyr.a(configs.c.obj)
                              (--whole-archive)
zephyr/libzephyr.a(soc_nrf_common.S.obj)
                              (--whole-archive)
zephyr/libzephyr.a(validate_base_addresses.c.obj)
                              (--whole-archive)
zephyr/libzephyr.a(validate_enabled_instances.c.obj)
                              (--whole-archive)
zephyr/libzephyr.a(pm.c.obj)  (--whole-archive)
zephyr/libzephyr.a(policy.c.obj)
                              (--whole-archive)
zephyr/libzephyr.a(state.c.obj)
                              (--whole-archive)
zephyr/libzephyr.a(tracing_none.c.obj)
                              (--whole-archive)
zephyr/arch/common/libarch__common.a(sw_isr_common.c.obj)
                              (--whole-archive)
zephyr/arch/arch/arm/core/aarch32/libarch__arm__core__aarch32.a(cpu_idle.S.obj)
                              (--whole-archive)
zephyr/arch/arch/arm/core/aarch32/libarch__arm__core__aarch32.a(fatal.c.obj)
                              (--whole-archive)
zephyr/arch/arch/arm/core/aarch32/libarch__arm__core__aarch32.a(irq_manage.c.obj)
                              (--whole-archive)
zephyr/arch/arch/arm/core/aarch32/libarch__arm__core__aarch32.a(nmi.c.obj)
                              (--whole-archive)
zephyr/arch/arch/arm/core/aarch32/libarch__arm__core__aarch32.a(nmi_on_reset.S.obj)
                              (--whole-archive)
zephyr/arch/arch/arm/core/aarch32/libarch__arm__core__aarch32.a(prep_c.c.obj)
                              (--whole-archive)
zephyr/arch/arch/arm/core/aarch32/libarch__arm__core__aarch32.a(swap.c.obj)
                              (--whole-archive)
zephyr/arch/arch/arm/core/aarch32/libarch__arm__core__aarch32.a(swap_helper.S.obj)
                              (--whole-archive)
zephyr/arch/arch/arm/core/aarch32/libarch__arm__core__aarch32.a(thread.c.obj)
                              (--whole-archive)
zephyr/arch/arch/arm/core/aarch32/libarch__arm__core__aarch32.a(isr_wrapper.S.obj)
                              (--whole-archive)
zephyr/arch/arch/arm/core/aarch32/cortex_m/libarch__arm__core__aarch32__cortex_m.a(exc_exit.S.obj)
                              (--whole-archive)
zephyr/arch/arch/arm/core/aarch32/cortex_m/libarch__arm__core__aarch32__cortex_m.a(fault.c.obj)
                              (--whole-archive)
zephyr/arch/arch/arm/core/aarch32/cortex_m/libarch__arm__core__aarch32__cortex_m.a(fault_s.S.obj)
                              (--whole-archive)
zephyr/arch/arch/arm/core/aarch32/cortex_m/libarch__arm__core__aarch32__cortex_m.a(fpu.c.obj)
                              (--whole-archive)
zephyr/arch/arch/arm/core/aarch32/cortex_m/libarch__arm__core__aarch32__cortex_m.a(irq_init.c.obj)
                              (--whole-archive)
zephyr/arch/arch/arm/core/aarch32/cortex_m/libarch__arm__core__aarch32__cortex_m.a(reset.S.obj)
                              (--whole-archive)
[...]
Memory Configuration

Name             Origin             Length             Attributes
FLASH            0x0000000000000000 0x0000000000080000 xr
RAM              0x0000000020000000 0x0000000000010000 xw
IDT_LIST         0x00000000fffff7ff 0x0000000000000800 xw
*default*        0x0000000000000000 0xffffffffffffffff

Linker script and memory map

LOAD zephyr/CMakeFiles/zephyr_pre0.dir/misc/empty_file.c.obj
                0x0000000000000020                _region_min_align = 0x20

.rel.plt        0x0000000000000000        0x0
 *(SORT_BY_ALIGNMENT(.rel.plt))
                [!provide]                        PROVIDE (__rel_iplt_start = .)
 *(SORT_BY_ALIGNMENT(.rel.iplt))
 .rel.iplt      0x0000000000000000        0x0 app/libapp.a(main.c.obj)
                [!provide]                        PROVIDE (__rel_iplt_end = .)

.rela.plt       0x0000000000000000        0x0
 *(SORT_BY_ALIGNMENT(.rela.plt))
                [!provide]                        PROVIDE (__rela_iplt_start = .)
 *(SORT_BY_ALIGNMENT(.rela.iplt))
                [!provide]                        PROVIDE (__rela_iplt_end = .)

.rel.dyn
 *(SORT_BY_ALIGNMENT(.rel.*))

.rela.dyn
 *(SORT_BY_ALIGNMENT(.rela.*))

/DISCARD/
 *(SORT_BY_ALIGNMENT(.plt))

/DISCARD/
 *(SORT_BY_ALIGNMENT(.iplt))
                0x0000000000000000                __rom_region_start = 0x0

rom_start       0x0000000000000000       0xdc
                0x0000000000000000                . = 0x0
                0x0000000000000000                . = ALIGN (0x4)
                0x0000000000000000                . = ALIGN (0x80)
                0x0000000000000000                . = ALIGN (0x100)
                0x0000000000000000                _vector_start = .
 *(SORT_BY_ALIGNMENT(.exc_vector_table))
 *(SORT_BY_ALIGNMENT(.exc_vector_table.*))
 .exc_vector_table._vector_table_section
                0x0000000000000000       0x40 zephyr/arch/arch/arm/core/aarch32/cortex_m/libarch__arm__core__aarch32__cortex_m.a(vector_table.S.obj)
                0x0000000000000000                _vector_table
 *(SORT_BY_ALIGNMENT(.vectors))
                0x00000000000000dc                _vector_end = .
                0x0000000000000040                . = ALIGN (0x4)
 *(SORT_BY_ALIGNMENT(.gnu.linkonce.irq_vector_table*))
 .gnu.linkonce.irq_vector_table
                0x0000000000000040       0x9c zephyr/arch/common/libisr_tables.a(isr_tables.c.obj)
                0x0000000000000040                _irq_vector_table
                0x00000000000000dc                _vector_end = .

text            0x00000000000000dc     0x5474
                0x00000000000000dc                __text_region_start = .
 *(SORT_BY_ALIGNMENT(.text))
 .text          0x00000000000000dc       0x30 c:/nordicsemi/toolchains/v2.3.0/opt/zephyr-sdk/arm-zephyr-eabi/bin/../lib/gcc/arm-zephyr-eabi/12.1.0/thumb/v7e-m/nofp\libgcc.a(_aeabi_uldivmod.o)
                0x00000000000000dc                __aeabi_uldivmod
 .text          0x000000000000010c        0x4 c:/nordicsemi/toolchains/v2.3.0/opt/zephyr-sdk/arm-zephyr-eabi/bin/../lib/gcc/arm-zephyr-eabi/12.1.0/thumb/v7e-m/nofp\libgcc.a(_dvmd_tls.o)
                0x000000000000010c                __aeabi_idiv0
                0x000000000000010c                __aeabi_ldiv0
 .text          0x0000000000000110      0x2a0 c:/nordicsemi/toolchains/v2.3.0/opt/zephyr-sdk/arm-zephyr-eabi/bin/../lib/gcc/arm-zephyr-eabi/12.1.0/thumb/v7e-m/nofp\libgcc.a(_udivmoddi4.o)
                0x0000000000000110                __udivmoddi4
 *(SORT_BY_ALIGNMENT(.text.*))
 .text.main     0x00000000000003b0       0x40 app/libapp.a(main.c.obj)
                0x00000000000003b0                main
 .text.char_out
                0x00000000000003f0        0xc zephyr/libzephyr.a(printk.c.obj)
 .text.__printk_hook_install
                0x00000000000003fc        0xc zephyr/libzephyr.a(printk.c.obj)
                0x00000000000003fc                __printk_hook_install
 .text.vprintk  0x0000000000000408       0x1c zephyr/libzephyr.a(printk.c.obj)
                0x0000000000000408                vprintk
 .text.process_event
                0x0000000000000424      0x21c zephyr/libzephyr.a(onoff.c.obj)
 .text.z_cbvprintf_impl
                0x0000000000000640      0xcd8 zephyr/libzephyr.a(cbprintf_complete.c.obj)
                0x0000000000000640                z_cbvprintf_impl
 .text.z_arm_platform_init
                0x0000000000001318        0x4 zephyr/libzephyr.a(soc_nrf_common.S.obj)
                0x0000000000001318                z_arm_platform_init
 .text.pm_state_notify
                0x000000000000131c       0x5c zephyr/libzephyr.a(pm.c.obj)
 .text.pm_system_resume
                0x0000000000001378       0x78 zephyr/libzephyr.a(pm.c.obj)
                0x0000000000001378                pm_system_resume
 .text.pm_system_suspend
                0x00000000000013f0       0xf8 zephyr/libzephyr.a(pm.c.obj)
                0x00000000000013f0                pm_system_suspend
 .text.pm_policy_next_state
                0x00000000000014e8       0x94 zephyr/libzephyr.a(policy.c.obj)
                0x00000000000014e8                pm_policy_next_state
 .text.pm_state_cpu_get_all
                0x000000000000157c       0x10 zephyr/libzephyr.a(state.c.obj)
                0x000000000000157c                pm_state_cpu_get_all
 .text.z_arm_cpu_idle_init
                0x000000000000158c        0xc zephyr/arch/arch/arm/core/aarch32/libarch__arm__core__aarch32.a(cpu_idle.S.obj)
                0x000000000000158c                z_arm_cpu_idle_init
 .text.arch_cpu_idle
                0x0000000000001598       0x1c zephyr/arch/arch/arm/core/aarch32/libarch__arm__core__aarch32.a(cpu_idle.S.obj)
                0x0000000000001598                arch_cpu_idle
 .text.arch_cpu_atomic_idle
                0x00000000000015b4       0x18 zephyr/arch/arch/arm/core/aarch32/libarch__arm__core__aarch32.a(cpu_idle.S.obj)
                0x00000000000015b4                arch_cpu_atomic_idle
 .text.arch_irq_enable
                0x00000000000015cc       0x1c zephyr/arch/arch/arm/core/aarch32/libarch__arm__core__aarch32.a(irq_manage.c.obj)
                0x00000000000015cc                arch_irq_enable
 .text.arch_irq_is_enabled
                0x00000000000015e8       0x1c zephyr/arch/arch/arm/core/aarch32/libarch__arm__core__aarch32.a(irq_manage.c.obj)
                0x00000000000015e8                arch_irq_is_enabled
 .text.z_arm_irq_priority_set
                0x0000000000001604       0x30 zephyr/arch/arch/arm/core/aarch32/libarch__arm__core__aarch32.a(irq_manage.c.obj)
                0x0000000000001604                z_arm_irq_priority_set
 .text.z_SysNmiOnReset
                0x0000000000001634        0x8 zephyr/arch/arch/arm/core/aarch32/libarch__arm__core__aarch32.a(nmi_on_reset.S.obj)
                0x0000000000001634                z_SysNmiOnReset
 .text.z_arm_prep_c
                0x000000000000163c       0x38 zephyr/arch/arch/arm/core/aarch32/libarch__arm__core__aarch32.a(prep_c.c.obj)
                0x000000000000163c                z_arm_prep_c
 .text.arch_swap
                0x0000000000001674       0x34 zephyr/arch/arch/arm/core/aarch32/libarch__arm__core__aarch32.a(swap.c.obj)
                0x0000000000001674                arch_swap
 .text.z_arm_pendsv
                0x00000000000016a8       0x54 zephyr/arch/arch/arm/core/aarch32/libarch__arm__core__aarch32.a(swap_helper.S.obj)
                0x00000000000016a8                z_arm_pendsv
 .text.z_arm_svc
                0x00000000000016fc       0x20 zephyr/arch/arch/arm/core/aarch32/libarch__arm__core__aarch32.a(swap_helper.S.obj)
                0x00000000000016fc                z_arm_svc
 .text.arch_new_thread
                0x000000000000171c       0x38 zephyr/arch/arch/arm/core/aarch32/libarch__arm__core__aarch32.a(thread.c.obj)
                0x000000000000171c                arch_new_thread
 .text.z_check_thread_stack_fail
                0x0000000000001754       0x2c zephyr/arch/arch/arm/core/aarch32/libarch__arm__core__aarch32.a(thread.c.obj)
                0x0000000000001754                z_check_thread_stack_fail
 .text.arch_switch_to_main_thread
                0x0000000000001780       0x2c zephyr/arch/arch/arm/core/aarch32/libarch__arm__core__aarch32.a(thread.c.obj)
                0x0000000000001780                arch_switch_to_main_thread
 .text._isr_wrapper
                0x00000000000017ac       0x40 zephyr/arch/arch/arm/core/aarch32/libarch__arm__core__aarch32.a(isr_wrapper.S.obj)
                0x00000000000017ac                _isr_wrapper
 .text._HandlerModeExit
                0x00000000000017ec       0x1c zephyr/arch/arch/arm/core/aarch32/cortex_m/libarch__arm__core__aarch32__cortex_m.a(exc_exit.S.obj)
                0x00000000000017ec                z_arm_int_exit
                0x00000000000017ec                z_arm_exc_exit
 .text.mem_manage_fault
                0x0000000000001808       0x7c zephyr/arch/arch/arm/core/aarch32/cortex_m/libarch__arm__core__aarch32__cortex_m.a(fault.c.obj)
 .text.bus_fault.constprop.0
                0x0000000000001884       0x3c zephyr/arch/arch/arm/core/aarch32/cortex_m/libarch__arm__core__aarch32__cortex_m.a(fault.c.obj)
 .text.z_arm_fault
                0x00000000000018c0      0x130 zephyr/arch/arch/arm/core/aarch32/cortex_m/libarch__arm__core__aarch32__cortex_m.a(fault.c.obj)
                0x00000000000018c0                z_arm_fault
 .text.z_arm_fault_init
                0x00000000000019f0       0x10 zephyr/arch/arch/arm/core/aarch32/cortex_m/libarch__arm__core__aarch32__cortex_m.a(fault.c.obj)
                0x00000000000019f0                z_arm_fault_init
 .text.__fault  0x0000000000001a00       0x14 zephyr/arch/arch/arm/core/aarch32/cortex_m/libarch__arm__core__aarch32__cortex_m.a(fault_s.S.obj)
                0x0000000000001a00                z_arm_usage_fault
                0x0000000000001a00                z_arm_mpu_fault
                0x0000000000001a00                z_arm_exc_spurious
                0x0000000000001a00                z_arm_debug_monitor
                0x0000000000001a00                z_arm_hard_fault
                0x0000000000001a00                z_arm_bus_fault
 .text.z_arm_interrupt_init
                0x0000000000001a14       0x18 zephyr/arch/arch/arm/core/aarch32/cortex_m/libarch__arm__core__aarch32__cortex_m.a(irq_init.c.obj)
                0x0000000000001a14                z_arm_interrupt_init
 .text._reset_section
                0x0000000000001a2c       0x54 zephyr/arch/arch/arm/core/aarch32/cortex_m/libarch__arm__core__aarch32__cortex_m.a(reset.S.obj)
                0x0000000000001a2c                __start
                0x0000000000001a2c                z_arm_reset
 .text.z_arm_clear_arm_mpu_config
                0x0000000000001a80       0x24 zephyr/arch/arch/arm/core/aarch32/cortex_m/libarch__arm__core__aarch32__cortex_m.a(scb.c.obj)
                0x0000000000001a80                z_arm_clear_arm_mpu_config
 .text.z_arm_init_arch_hw_at_boot
                0x0000000000001aa4       0x64 zephyr/arch/arch/arm/core/aarch32/cortex_m/libarch__arm__core__aarch32__cortex_m.a(scb.c.obj)
                0x0000000000001aa4                z_arm_init_arch_hw_at_boot
 .text.z_impl_k_thread_abort
                0x0000000000001b08       0x2c zephyr/arch/arch/arm/core/aarch32/cortex_m/libarch__arm__core__aarch32__cortex_m.a(thread_abort.c.obj)
                0x0000000000001b08                z_impl_k_thread_abort
 .text.z_arm_configure_static_mpu_regions
                0x0000000000001b34       0x18 zephyr/arch/arch/arm/core/aarch32/mpu/libarch__arm__core__aarch32__mpu.a(arm_core_mpu.c.obj)
                0x0000000000001b34                z_arm_configure_static_mpu_regions
 .text.z_arm_configure_dynamic_mpu_regions
                0x0000000000001b4c       0x20 zephyr/arch/arch/arm/core/aarch32/mpu/libarch__arm__core__aarch32__mpu.a(arm_core_mpu.c.obj)
                0x0000000000001b4c                z_arm_configure_dynamic_mpu_regions
 .text.mpu_configure_regions
                0x0000000000001b6c       0x88 zephyr/arch/arch/arm/core/aarch32/mpu/libarch__arm__core__aarch32__mpu.a(arm_mpu.c.obj)
 .text.arm_core_mpu_enable
                0x0000000000001bf4       0x18 zephyr/arch/arch/arm/core/aarch32/mpu/libarch__arm__core__aarch32__mpu.a(arm_mpu.c.obj)
                0x0000000000001bf4                arm_core_mpu_enable
 .text.arm_core_mpu_disable
                0x0000000000001c0c       0x14 zephyr/arch/arch/arm/core/aarch32/mpu/libarch__arm__core__aarch32__mpu.a(arm_mpu.c.obj)
                0x0000000000001c0c                arm_core_mpu_disable
 .text.arm_core_mpu_configure_static_mpu_regions
                0x0000000000001c20       0x14 zephyr/arch/arch/arm/core/aarch32/mpu/libarch__arm__core__aarch32__mpu.a(arm_mpu.c.obj)
                0x0000000000001c20                arm_core_mpu_configure_static_mpu_regions
 .text.arm_core_mpu_configure_dynamic_mpu_regions
                0x0000000000001c34       0x30 zephyr/arch/arch/arm/core/aarch32/mpu/libarch__arm__core__aarch32__mpu.a(arm_mpu.c.obj)
                0x0000000000001c34                arm_core_mpu_configure_dynamic_mpu_regions
 .text.z_arm_mpu_init
                0x0000000000001c64       0x60 zephyr/arch/arch/arm/core/aarch32/mpu/libarch__arm__core__aarch32__mpu.a(arm_mpu.c.obj)
                0x0000000000001c64                z_arm_mpu_init
 .text.__stdout_hook_install
                0x0000000000001cc4        0xc zephyr/lib/libc/minimal/liblib__libc__minimal.a(stdout_console.c.obj)
                0x0000000000001cc4                __stdout_hook_install
 .text.nordicsemi_nrf52_init
                0x0000000000001cd0       0x30 zephyr/soc/arm/nordic_nrf/nrf52/libsoc__arm__nordic_nrf__nrf52.a(soc.c.obj)
 .text.sys_arch_reboot
                0x0000000000001d00       0x2c zephyr/soc/arm/nordic_nrf/nrf52/libsoc__arm__nordic_nrf__nrf52.a(soc.c.obj)
                0x0000000000001d00                sys_arch_reboot
 .text.arch_busy_wait
                0x0000000000001d2c       0x14 zephyr/soc/arm/nordic_nrf/nrf52/libsoc__arm__nordic_nrf__nrf52.a(soc.c.obj)
                0x0000000000001d2c                arch_busy_wait
 .text.onoff_stop
                0x0000000000001d40       0x30 zephyr/drivers/clock_control/libdrivers__clock_control.a(clock_control_nrf.c.obj)
 .text.onoff_start
                0x0000000000001d70       0x44 zephyr/drivers/clock_control/libdrivers__clock_control.a(clock_control_nrf.c.obj)
 .text.generic_hfclk_stop
                0x0000000000001db4       0x34 zephyr/drivers/clock_control/libdrivers__clock_control.a(clock_control_nrf.c.obj)
 .text.clk_init
                0x0000000000001de8       0x58 zephyr/drivers/clock_control/libdrivers__clock_control.a(clock_control_nrf.c.obj)
 .text.clkstarted_handle.constprop.0
                0x0000000000001e40       0x34 zephyr/drivers/clock_control/libdrivers__clock_control.a(clock_control_nrf.c.obj)
 .text.clock_event_handler
                0x0000000000001e74       0x1c zephyr/drivers/clock_control/libdrivers__clock_control.a(clock_control_nrf.c.obj)
 .text.generic_hfclk_start
                0x0000000000001e90       0x64 zephyr/drivers/clock_control/libdrivers__clock_control.a(clock_control_nrf.c.obj)
 .text.api_blocking_start
                0x0000000000001ef4       0x34 zephyr/drivers/clock_control/libdrivers__clock_control.a(clock_control_nrf.c.obj)
 .text.lfclk_start
                0x0000000000001f28       0x24 zephyr/drivers/clock_control/libdrivers__clock_control.a(clock_control_nrf.c.obj)
 .text.z_nrf_clock_control_lf_on
                0x0000000000001f4c       0xfc zephyr/drivers/clock_control/libdrivers__clock_control.a(clock_control_nrf.c.obj)
                0x0000000000001f4c                z_nrf_clock_control_lf_on
 .text.uart_console_init
                0x0000000000002048       0x28 zephyr/drivers/console/libdrivers__console.a(uart_console.c.obj)
 .text.console_out
                0x0000000000002070       0x28 zephyr/drivers/console/libdrivers__console.a(uart_console.c.obj)
 .text.gpio_nrfx_pin_interrupt_configure
                0x0000000000002098       0xc8 zephyr/drivers/gpio/libdrivers__gpio.a(gpio_nrfx.c.obj)
 .text.gpio_nrfx_init
                0x0000000000002160       0x38 zephyr/drivers/gpio/libdrivers__gpio.a(gpio_nrfx.c.obj)
 .text.nrfx_gpio_handler
                0x0000000000002198       0x3c zephyr/drivers/gpio/libdrivers__gpio.a(gpio_nrfx.c.obj)
 .text.gpio_nrfx_pin_configure
                0x00000000000021d4      0x128 zephyr/drivers/gpio/libdrivers__gpio.a(gpio_nrfx.c.obj)
 .text.i2c_nrfx_twi_recover_bus
                0x00000000000022fc       0x24 zephyr/drivers/i2c/libdrivers__i2c.a(i2c_nrfx_twi.c.obj)
 .text.twi_0_init
                0x0000000000002320       0x58 zephyr/drivers/i2c/libdrivers__i2c.a(i2c_nrfx_twi.c.obj)
 .text.event_handler
                0x0000000000002378       0x34 zephyr/drivers/i2c/libdrivers__i2c.a(i2c_nrfx_twi.c.obj)
 .text.i2c_nrfx_twi_transfer
                0x00000000000023ac      0x100 zephyr/drivers/i2c/libdrivers__i2c.a(i2c_nrfx_twi.c.obj)
 .text.uarte_nrfx_configure
                0x00000000000024ac      0x15c zephyr/drivers/serial/libdrivers__serial.a(uart_nrfx_uarte.c.obj)
 .text.uarte_0_init
                0x0000000000002608       0xfc zephyr/drivers/serial/libdrivers__serial.a(uart_nrfx_uarte.c.obj)
 .text.uarte_nrfx_poll_out
                0x0000000000002704       0xcc zephyr/drivers/serial/libdrivers__serial.a(uart_nrfx_uarte.c.obj)
 .text.compare_int_lock
                0x00000000000027d0       0x48 zephyr/drivers/timer/libdrivers__timer.a(nrf_rtc_timer.c.obj)
 .text.sys_clock_timeout_handler
                0x0000000000002818       0x48 zephyr/drivers/timer/libdrivers__timer.a(nrf_rtc_timer.c.obj)
 .text.compare_int_unlock
                0x0000000000002860       0x5c zephyr/drivers/timer/libdrivers__timer.a(nrf_rtc_timer.c.obj)
 .text.z_nrf_rtc_timer_read
                0x00000000000028bc       0x44 zephyr/drivers/timer/libdrivers__timer.a(nrf_rtc_timer.c.obj)
                0x00000000000028bc                z_nrf_rtc_timer_read
 .text.compare_set
                0x0000000000002900      0x11c zephyr/drivers/timer/libdrivers__timer.a(nrf_rtc_timer.c.obj)
 .text.sys_clock_driver_init
                0x0000000000002a1c       0x80 zephyr/drivers/timer/libdrivers__timer.a(nrf_rtc_timer.c.obj)
 .text.rtc_nrf_isr
                0x0000000000002a9c       0xd4 zephyr/drivers/timer/libdrivers__timer.a(nrf_rtc_timer.c.obj)
                0x0000000000002a9c                rtc_nrf_isr
 .text.sys_clock_set_timeout
                0x0000000000002b70       0x64 zephyr/drivers/timer/libdrivers__timer.a(nrf_rtc_timer.c.obj)
                0x0000000000002b70                sys_clock_set_timeout
 .text.sys_clock_elapsed
                0x0000000000002bd4       0x14 zephyr/drivers/timer/libdrivers__timer.a(nrf_rtc_timer.c.obj)
                0x0000000000002bd4                sys_clock_elapsed
 .text.nrf52_errata_16
                0x0000000000002be8       0x28 modules/hal_nordic/nrfx/libmodules__hal_nordic__nrfx.a(system_nrf52.c.obj)
 .text.nvmc_wait
                0x0000000000002c10       0x10 modules/hal_nordic/nrfx/libmodules__hal_nordic__nrfx.a(system_nrf52.c.obj)
                0x0000000000002c10                nvmc_wait
 .text.SystemInit
                0x0000000000002c20      0x288 modules/hal_nordic/nrfx/libmodules__hal_nordic__nrfx.a(system_nrf52.c.obj)
                0x0000000000002c20                SystemInit
 .text.nrfx_flag32_alloc
                0x0000000000002ea8       0x40 modules/hal_nordic/nrfx/libmodules__hal_nordic__nrfx.a(nrfx_flag32_allocator.c.obj)
                0x0000000000002ea8                nrfx_flag32_alloc
 .text.nrfx_flag32_free
                0x0000000000002ee8       0x40 modules/hal_nordic/nrfx/libmodules__hal_nordic__nrfx.a(nrfx_flag32_allocator.c.obj)
                0x0000000000002ee8                nrfx_flag32_free
 .text.clock_stop
                0x0000000000002f28       0xc8 modules/hal_nordic/nrfx/libmodules__hal_nordic__nrfx.a(nrfx_clock.c.obj)
 .text.nrfx_clock_init
                0x0000000000002ff0       0x20 modules/hal_nordic/nrfx/libmodules__hal_nordic__nrfx.a(nrfx_clock.c.obj)
                0x0000000000002ff0                nrfx_clock_init
 .text.nrfx_clock_start
                0x0000000000003010       0xb0 modules/hal_nordic/nrfx/libmodules__hal_nordic__nrfx.a(nrfx_clock.c.obj)
                0x0000000000003010                nrfx_clock_start
 .text.nrfx_power_clock_irq_handler
                0x00000000000030c0       0x68 modules/hal_nordic/nrfx/libmodules__hal_nordic__nrfx.a(nrfx_clock.c.obj)
                0x00000000000030c0                nrfx_power_clock_irq_handler
 .text.pin_in_use_by_te
                0x0000000000003128       0x14 modules/hal_nordic/nrfx/libmodules__hal_nordic__nrfx.a(nrfx_gpiote.c.obj)
 .text.call_handler
                0x000000000000313c       0x3c modules/hal_nordic/nrfx/libmodules__hal_nordic__nrfx.a(nrfx_gpiote.c.obj)
 .text.release_handler
                0x0000000000003178       0x54 modules/hal_nordic/nrfx/libmodules__hal_nordic__nrfx.a(nrfx_gpiote.c.obj)
 .text.pin_handler_trigger_uninit
                0x00000000000031cc       0x38 modules/hal_nordic/nrfx/libmodules__hal_nordic__nrfx.a(nrfx_gpiote.c.obj)
 .text.nrfx_gpiote_input_configure
                0x0000000000003204      0x15c modules/hal_nordic/nrfx/libmodules__hal_nordic__nrfx.a(nrfx_gpiote.c.obj)
                0x0000000000003204                nrfx_gpiote_input_configure
 .text.nrfx_gpiote_output_configure
                0x0000000000003360       0xfc modules/hal_nordic/nrfx/libmodules__hal_nordic__nrfx.a(nrfx_gpiote.c.obj)
                0x0000000000003360                nrfx_gpiote_output_configure
 .text.nrfx_gpiote_global_callback_set
                0x000000000000345c        0xc modules/hal_nordic/nrfx/libmodules__hal_nordic__nrfx.a(nrfx_gpiote.c.obj)
                0x000000000000345c                nrfx_gpiote_global_callback_set
 .text.nrfx_gpiote_channel_get
                0x0000000000003468       0x2c modules/hal_nordic/nrfx/libmodules__hal_nordic__nrfx.a(nrfx_gpiote.c.obj)
                0x0000000000003468                nrfx_gpiote_channel_get
 .text.nrfx_gpiote_init
                0x0000000000003494       0x50 modules/hal_nordic/nrfx/libmodules__hal_nordic__nrfx.a(nrfx_gpiote.c.obj)
                0x0000000000003494                nrfx_gpiote_init
 .text.nrfx_gpiote_is_init
                0x00000000000034e4       0x14 modules/hal_nordic/nrfx/libmodules__hal_nordic__nrfx.a(nrfx_gpiote.c.obj)
                0x00000000000034e4                nrfx_gpiote_is_init
 .text.nrfx_gpiote_channel_free
                0x00000000000034f8        0xc modules/hal_nordic/nrfx/libmodules__hal_nordic__nrfx.a(nrfx_gpiote.c.obj)
                0x00000000000034f8                nrfx_gpiote_channel_free
 .text.nrfx_gpiote_channel_alloc
                0x0000000000003504        0xc modules/hal_nordic/nrfx/libmodules__hal_nordic__nrfx.a(nrfx_gpiote.c.obj)
                0x0000000000003504                nrfx_gpiote_channel_alloc
 .text.nrfx_gpiote_trigger_enable
                0x0000000000003510       0x88 modules/hal_nordic/nrfx/libmodules__hal_nordic__nrfx.a(nrfx_gpiote.c.obj)
                0x0000000000003510                nrfx_gpiote_trigger_enable
 .text.nrfx_gpiote_trigger_disable
                0x0000000000003598       0x50 modules/hal_nordic/nrfx/libmodules__hal_nordic__nrfx.a(nrfx_gpiote.c.obj)
                0x0000000000003598                nrfx_gpiote_trigger_disable
 .text.nrfx_gpiote_pin_uninit
                0x00000000000035e8       0x44 modules/hal_nordic/nrfx/libmodules__hal_nordic__nrfx.a(nrfx_gpiote.c.obj)
                0x00000000000035e8                nrfx_gpiote_pin_uninit
 .text.nrfx_gpiote_irq_handler
                0x000000000000362c      0x154 modules/hal_nordic/nrfx/libmodules__hal_nordic__nrfx.a(nrfx_gpiote.c.obj)
                0x000000000000362c                nrfx_gpiote_irq_handler
 .text.nrfx_ppi_channel_alloc
                0x0000000000003780        0xc modules/hal_nordic/nrfx/libmodules__hal_nordic__nrfx.a(nrfx_ppi.c.obj)
                0x0000000000003780                nrfx_ppi_channel_alloc
 .text.twi_tx_start_transfer
                0x000000000000378c      0x104 modules/hal_nordic/nrfx/libmodules__hal_nordic__nrfx.a(nrfx_twi.c.obj)
 .text.twi_rx_start_transfer
                0x0000000000003890       0xe4 modules/hal_nordic/nrfx/libmodules__hal_nordic__nrfx.a(nrfx_twi.c.obj)
 .text.nrfx_twi_init
                0x0000000000003974       0xa8 modules/hal_nordic/nrfx/libmodules__hal_nordic__nrfx.a(nrfx_twi.c.obj)
                0x0000000000003974                nrfx_twi_init
 .text.nrfx_twi_enable
                0x0000000000003a1c       0x20 modules/hal_nordic/nrfx/libmodules__hal_nordic__nrfx.a(nrfx_twi.c.obj)
                0x0000000000003a1c                nrfx_twi_enable
 .text.nrfx_twi_disable
                0x0000000000003a3c       0x38 modules/hal_nordic/nrfx/libmodules__hal_nordic__nrfx.a(nrfx_twi.c.obj)
                0x0000000000003a3c                nrfx_twi_disable
 .text.nrfx_twi_xfer
                0x0000000000003a74       0xdc modules/hal_nordic/nrfx/libmodules__hal_nordic__nrfx.a(nrfx_twi.c.obj)
                0x0000000000003a74                nrfx_twi_xfer
 .text.nrfx_twi_0_irq_handler
                0x0000000000003b50       0xd8 modules/hal_nordic/nrfx/libmodules__hal_nordic__nrfx.a(nrfx_twi.c.obj)
                0x0000000000003b50                nrfx_twi_0_irq_handler
 .text.nrfx_twi_twim_bus_recover
                0x0000000000003c28       0x90 modules/hal_nordic/nrfx/libmodules__hal_nordic__nrfx.a(nrfx_twi_twim.c.obj)
                0x0000000000003c28                nrfx_twi_twim_bus_recover
 .text._DoInit  0x0000000000003cb8       0x6c modules/segger/libmodules__segger.a(SEGGER_RTT.c.obj)
 .text.z_sys_init_run_level
                0x0000000000003d24       0x44 zephyr/kernel/libkernel.a(init.c.obj)
 .text.bg_thread_main
                0x0000000000003d68       0x34 zephyr/kernel/libkernel.a(init.c.obj)
 .text.z_bss_zero
                0x0000000000003d9c       0x18 zephyr/kernel/libkernel.a(init.c.obj)
                0x0000000000003d9c                z_bss_zero
 .text.z_init_cpu
                0x0000000000003db4       0x70 zephyr/kernel/libkernel.a(init.c.obj)
                0x0000000000003db4                z_init_cpu
 .text.z_cstart
                0x0000000000003e24       0xdc zephyr/kernel/libkernel.a(init.c.obj)
                0x0000000000003e24                z_cstart
 .text.z_setup_new_thread
                0x0000000000003f00       0x64 zephyr/kernel/libkernel.a(thread.c.obj)
                0x0000000000003f00                z_setup_new_thread
 .text.z_init_static_threads
                0x0000000000003f64       0xb8 zephyr/kernel/libkernel.a(thread.c.obj)
                0x0000000000003f64                z_init_static_threads
 .text.idle     0x000000000000401c       0x38 zephyr/kernel/libkernel.a(idle.c.obj)
                0x000000000000401c                idle
 .text.z_impl_k_sem_give
                0x0000000000004054       0x40 zephyr/kernel/libkernel.a(sem.c.obj)
                0x0000000000004054                z_impl_k_sem_give
 .text.z_impl_k_sem_take
                0x0000000000004094       0x50 zephyr/kernel/libkernel.a(sem.c.obj)
                0x0000000000004094                z_impl_k_sem_take
 .text.z_reset_time_slice
                0x00000000000040e4       0x28 zephyr/kernel/libkernel.a(sched.c.obj)
                0x00000000000040e4                z_reset_time_slice
 .text.update_cache
                0x000000000000410c       0x3c zephyr/kernel/libkernel.a(sched.c.obj)
 .text.move_thread_to_end_of_prio_q
                0x0000000000004148       0x74 zephyr/kernel/libkernel.a(sched.c.obj)
 .text.ready_thread
                0x00000000000041bc       0x68 zephyr/kernel/libkernel.a(sched.c.obj)
 .text.unready_thread
                0x0000000000004224       0x30 zephyr/kernel/libkernel.a(sched.c.obj)
 .text.pend_locked
                0x0000000000004254       0x30 zephyr/kernel/libkernel.a(sched.c.obj)
 .text.k_sched_time_slice_set
                0x0000000000004284       0x64 zephyr/kernel/libkernel.a(sched.c.obj)
                0x0000000000004284                k_sched_time_slice_set
 .text.z_time_slice
                0x00000000000042e8       0x84 zephyr/kernel/libkernel.a(sched.c.obj)
                0x00000000000042e8                z_time_slice
 .text.z_pend_curr
                0x000000000000436c       0x3c zephyr/kernel/libkernel.a(sched.c.obj)
                0x000000000000436c                z_pend_curr
 .text.z_reschedule
                0x00000000000043a8       0x24 zephyr/kernel/libkernel.a(sched.c.obj)
                0x00000000000043a8                z_reschedule
 .text.z_sched_start
                0x00000000000043cc       0x3c zephyr/kernel/libkernel.a(sched.c.obj)
                0x00000000000043cc                z_sched_start
 .text.z_impl_k_thread_suspend
                0x0000000000004408       0x64 zephyr/kernel/libkernel.a(sched.c.obj)
                0x0000000000004408                z_impl_k_thread_suspend
 .text.k_sched_lock
                0x000000000000446c       0x28 zephyr/kernel/libkernel.a(sched.c.obj)
                0x000000000000446c                k_sched_lock
 .text.k_sched_unlock
                0x0000000000004494       0x38 zephyr/kernel/libkernel.a(sched.c.obj)
                0x0000000000004494                k_sched_unlock
 .text.z_sched_init
                0x00000000000044cc       0x18 zephyr/kernel/libkernel.a(sched.c.obj)
                0x00000000000044cc                z_sched_init
 .text.z_impl_k_yield
                0x00000000000044e4       0x7c zephyr/kernel/libkernel.a(sched.c.obj)
                0x00000000000044e4                z_impl_k_yield
 .text.z_tick_sleep
                0x0000000000004560       0x88 zephyr/kernel/libkernel.a(sched.c.obj)
 .text.z_impl_k_sleep
                0x00000000000045e8       0x34 zephyr/kernel/libkernel.a(sched.c.obj)
                0x00000000000045e8                z_impl_k_sleep
 .text.z_impl_z_current_get
                0x000000000000461c        0xc zephyr/kernel/libkernel.a(sched.c.obj)
                0x000000000000461c                z_impl_z_current_get
 .text.z_thread_abort
                0x0000000000004628       0xc0 zephyr/kernel/libkernel.a(sched.c.obj)
                0x0000000000004628                z_thread_abort
 .text.z_data_copy
                0x00000000000046e8       0x34 zephyr/kernel/libkernel.a(xip.c.obj)
                0x00000000000046e8                z_data_copy
 .text.elapsed  0x000000000000471c       0x14 zephyr/kernel/libkernel.a(timeout.c.obj)
 .text.next_timeout
                0x0000000000004730       0x50 zephyr/kernel/libkernel.a(timeout.c.obj)
 .text.remove_timeout
                0x0000000000004780       0x38 zephyr/kernel/libkernel.a(timeout.c.obj)
 .text.z_add_timeout
                0x00000000000047b8       0xfc zephyr/kernel/libkernel.a(timeout.c.obj)
                0x00000000000047b8                z_add_timeout
 .text.sys_clock_announce
                0x00000000000048b4       0xb4 zephyr/kernel/libkernel.a(timeout.c.obj)
                0x00000000000048b4                sys_clock_announce
 .text.sys_clock_tick_get
                0x0000000000004968       0x34 zephyr/kernel/libkernel.a(timeout.c.obj)
                0x0000000000004968                sys_clock_tick_get
 .text.boot_banner
                0x000000000000499c        0xc zephyr/kernel/libkernel.a(banner.c.obj)
                0x000000000000499c                boot_banner
 .text.arch_printk_char_out
                0x00000000000049a8        0x4 zephyr/libzephyr.a(printk.c.obj)
                0x00000000000049a8                arch_printk_char_out
 .text.printk   0x00000000000049ac       0x1a zephyr/libzephyr.a(printk.c.obj)
                0x00000000000049ac                printk
 .text.z_thread_entry
                0x00000000000049c6       0x14 zephyr/libzephyr.a(thread_entry.c.obj)
                0x00000000000049c6                z_thread_entry
 .text.process_recheck
                0x00000000000049da       0x38 zephyr/libzephyr.a(onoff.c.obj)
 .text.validate_args
                0x0000000000004a12       0x20 zephyr/libzephyr.a(onoff.c.obj)
 .text.notify_one
                0x0000000000004a32       0x2c zephyr/libzephyr.a(onoff.c.obj)
 .text.transition_complete
                0x0000000000004a5e       0x1c zephyr/libzephyr.a(onoff.c.obj)
 .text.onoff_manager_init
                0x0000000000004a7a       0x26 zephyr/libzephyr.a(onoff.c.obj)
                0x0000000000004a7a                onoff_manager_init
 .text.onoff_request
                0x0000000000004aa0       0xb0 zephyr/libzephyr.a(onoff.c.obj)
                0x0000000000004aa0                onoff_request
 .text.sys_notify_validate
                0x0000000000004b50       0x22 zephyr/libzephyr.a(notify.c.obj)
                0x0000000000004b50                sys_notify_validate
 .text.sys_notify_finalize
                0x0000000000004b72       0x1a zephyr/libzephyr.a(notify.c.obj)
                0x0000000000004b72                sys_notify_finalize
 .text._ldiv5   0x0000000000004b8c       0x30 zephyr/libzephyr.a(cbprintf_complete.c.obj)
 .text._get_digit
                0x0000000000004bbc       0x2e zephyr/libzephyr.a(cbprintf_complete.c.obj)
 .text.encode_uint
                0x0000000000004bea       0x8c zephyr/libzephyr.a(cbprintf_complete.c.obj)
 .text.outs     0x0000000000004c76       0x2e zephyr/libzephyr.a(cbprintf_complete.c.obj)
 .text._ConfigAbsSyms
                0x0000000000004ca4        0x2 zephyr/libzephyr.a(configs.c.obj)
                0x0000000000004ca4                _ConfigAbsSyms
 .text.z_arm_fatal_error
                0x0000000000004ca6        0x4 zephyr/arch/arch/arm/core/aarch32/libarch__arm__core__aarch32.a(fatal.c.obj)
                0x0000000000004ca6                z_arm_fatal_error
 .text.z_do_kernel_oops
                0x0000000000004caa        0x8 zephyr/arch/arch/arm/core/aarch32/libarch__arm__core__aarch32.a(fatal.c.obj)
                0x0000000000004caa                z_do_kernel_oops
 .text.z_irq_spurious
                0x0000000000004cb2        0x8 zephyr/arch/arch/arm/core/aarch32/libarch__arm__core__aarch32.a(irq_manage.c.obj)
                0x0000000000004cb2                z_irq_spurious
 .text.z_arm_nmi
                0x0000000000004cba        0xe zephyr/arch/arch/arm/core/aarch32/libarch__arm__core__aarch32.a(nmi.c.obj)
                0x0000000000004cba                z_arm_nmi
 .text.strcpy   0x0000000000004cc8       0x14 zephyr/lib/libc/minimal/liblib__libc__minimal.a(string.c.obj)
                0x0000000000004cc8                strcpy
 .text.strlen   0x0000000000004cdc        0xe zephyr/lib/libc/minimal/liblib__libc__minimal.a(string.c.obj)
                0x0000000000004cdc                strlen
 .text.strnlen  0x0000000000004cea       0x12 zephyr/lib/libc/minimal/liblib__libc__minimal.a(string.c.obj)
                0x0000000000004cea                strnlen
 .text.memcpy   0x0000000000004cfc       0x16 zephyr/lib/libc/minimal/liblib__libc__minimal.a(string.c.obj)
                0x0000000000004cfc                memcpy
 .text.memset   0x0000000000004d12       0x12 zephyr/lib/libc/minimal/liblib__libc__minimal.a(string.c.obj)
                0x0000000000004d12                memset
 .text._stdout_hook_default
                0x0000000000004d24        0x6 zephyr/lib/libc/minimal/liblib__libc__minimal.a(stdout_console.c.obj)
 .text.pm_state_set
                0x0000000000004d2a       0x18 zephyr/soc/arm/nordic_nrf/nrf52/libsoc__arm__nordic_nrf__nrf52.a(power.c.obj)
                0x0000000000004d2a                pm_state_set
 .text.pm_state_exit_post_ops
                0x0000000000004d42        0xc zephyr/soc/arm/nordic_nrf/nrf52/libsoc__arm__nordic_nrf__nrf52.a(power.c.obj)
                0x0000000000004d42                pm_state_exit_post_ops
 .text.get_status
                0x0000000000004d4e       0x12 zephyr/drivers/clock_control/libdrivers__clock_control.a(clock_control_nrf.c.obj)
 .text.set_on_state
                0x0000000000004d60       0x26 zephyr/drivers/clock_control/libdrivers__clock_control.a(clock_control_nrf.c.obj)
 .text.stop     0x0000000000004d86       0x54 zephyr/drivers/clock_control/libdrivers__clock_control.a(clock_control_nrf.c.obj)
 .text.api_stop
                0x0000000000004dda        0x6 zephyr/drivers/clock_control/libdrivers__clock_control.a(clock_control_nrf.c.obj)
 .text.async_start
                0x0000000000004de0       0x5e zephyr/drivers/clock_control/libdrivers__clock_control.a(clock_control_nrf.c.obj)
 .text.api_start
                0x0000000000004e3e        0xe zephyr/drivers/clock_control/libdrivers__clock_control.a(clock_control_nrf.c.obj)
 .text.onoff_started_callback
                0x0000000000004e4c       0x12 zephyr/drivers/clock_control/libdrivers__clock_control.a(clock_control_nrf.c.obj)
 .text.lfclk_stop
                0x0000000000004e5e        0x6 zephyr/drivers/clock_control/libdrivers__clock_control.a(clock_control_nrf.c.obj)
 .text.blocking_start_callback
                0x0000000000004e64        0x6 zephyr/drivers/clock_control/libdrivers__clock_control.a(clock_control_nrf.c.obj)
 .text.gpio_nrfx_port_get_raw
                0x0000000000004e6a        0xe zephyr/drivers/gpio/libdrivers__gpio.a(gpio_nrfx.c.obj)
 .text.gpio_nrfx_port_set_masked_raw
                0x0000000000004e78       0x18 zephyr/drivers/gpio/libdrivers__gpio.a(gpio_nrfx.c.obj)
 .text.gpio_nrfx_port_set_bits_raw
                0x0000000000004e90        0xc zephyr/drivers/gpio/libdrivers__gpio.a(gpio_nrfx.c.obj)
 .text.gpio_nrfx_port_clear_bits_raw
                0x0000000000004e9c        0xc zephyr/drivers/gpio/libdrivers__gpio.a(gpio_nrfx.c.obj)
 .text.gpio_nrfx_port_toggle_bits
                0x0000000000004ea8       0x1a zephyr/drivers/gpio/libdrivers__gpio.a(gpio_nrfx.c.obj)
 .text.gpio_nrfx_manage_callback
                0x0000000000004ec2       0x52 zephyr/drivers/gpio/libdrivers__gpio.a(gpio_nrfx.c.obj)
 .text.i2c_nrfx_twi_configure
                0x0000000000004f14       0x32 zephyr/drivers/i2c/libdrivers__i2c.a(i2c_nrfx_twi.c.obj)
 .text.uarte_nrfx_config_get
                0x0000000000004f46       0x10 zephyr/drivers/serial/libdrivers__serial.a(uart_nrfx_uarte.c.obj)
 .text.uarte_nrfx_err_check
                0x0000000000004f56        0xe zephyr/drivers/serial/libdrivers__serial.a(uart_nrfx_uarte.c.obj)
 .text.uarte_nrfx_poll_in
                0x0000000000004f64       0x28 zephyr/drivers/serial/libdrivers__serial.a(uart_nrfx_uarte.c.obj)
 .text.is_tx_ready.isra.0
                0x0000000000004f8c       0x20 zephyr/drivers/serial/libdrivers__serial.a(uart_nrfx_uarte.c.obj)
 .text.uarte_nrfx_isr_int
                0x0000000000004fac       0x72 zephyr/drivers/serial/libdrivers__serial.a(uart_nrfx_uarte.c.obj)
 .text.sys_clock_idle_exit
                0x000000000000501e        0x2 zephyr/drivers/timer/libdrivers__timer.a(sys_clock_init.c.obj)
                0x000000000000501e                sys_clock_idle_exit
 .text.event_clear
                0x0000000000005020       0x18 zephyr/drivers/timer/libdrivers__timer.a(nrf_rtc_timer.c.obj)
 .text.pinctrl_lookup_state
                0x0000000000005038       0x26 zephyr/drivers/pinctrl/libdrivers__pinctrl.a(common.c.obj)
                0x0000000000005038                pinctrl_lookup_state
 .text.pinctrl_configure_pins
                0x000000000000505e      0x10e zephyr/drivers/pinctrl/libdrivers__pinctrl.a(pinctrl_nrf.c.obj)
                0x000000000000505e                pinctrl_configure_pins
 .text.k_sys_fatal_error_handler
                0x000000000000516c        0x8 modules/nrf/lib/fatal_error/lib..__nrf__lib__fatal_error.a(fatal_error.c.obj)
                0x000000000000516c                k_sys_fatal_error_handler
 .text.nrf52_errata_12
                0x0000000000005174       0x1c modules/hal_nordic/nrfx/libmodules__hal_nordic__nrfx.a(system_nrf52.c.obj)
 .text.nrfx_isr
                0x0000000000005190        0x2 modules/hal_nordic/nrfx/libmodules__hal_nordic__nrfx.a(nrfx_glue.c.obj)
                0x0000000000005190                nrfx_isr
 .text.nrfx_busy_wait
                0x0000000000005192        0x4 modules/hal_nordic/nrfx/libmodules__hal_nordic__nrfx.a(nrfx_glue.c.obj)
                0x0000000000005192                nrfx_busy_wait
 .text.nrfx_clock_enable
                0x0000000000005196       0x1a modules/hal_nordic/nrfx/libmodules__hal_nordic__nrfx.a(nrfx_clock.c.obj)
                0x0000000000005196                nrfx_clock_enable
 .text.nrfx_clock_stop
                0x00000000000051b0        0x4 modules/hal_nordic/nrfx/libmodules__hal_nordic__nrfx.a(nrfx_clock.c.obj)
                0x00000000000051b0                nrfx_clock_stop
 .text.nrf_gpio_cfg_sense_set
                0x00000000000051b4       0x1c modules/hal_nordic/nrfx/libmodules__hal_nordic__nrfx.a(nrfx_gpiote.c.obj)
 .text.twi_transfer
                0x00000000000051d0      0x130 modules/hal_nordic/nrfx/libmodules__hal_nordic__nrfx.a(nrfx_twi.c.obj)
 .text.SEGGER_RTT_Init
                0x0000000000005300        0x4 modules/segger/libmodules__segger.a(SEGGER_RTT.c.obj)
                0x0000000000005300                SEGGER_RTT_Init
 .text.rtt_init
                0x0000000000005304        0xa modules/segger/libmodules__segger.a(SEGGER_RTT_zephyr.c.obj)
 .text.z_device_state_init
                0x000000000000530e        0x2 zephyr/kernel/libkernel.a(device.c.obj)
                0x000000000000530e                z_device_state_init
 .text.z_device_is_ready
                0x0000000000005310       0x16 zephyr/kernel/libkernel.a(device.c.obj)
                0x0000000000005310                z_device_is_ready
 .text.z_fatal_error
                0x0000000000005326       0x36 zephyr/kernel/libkernel.a(fatal.c.obj)
                0x0000000000005326                z_fatal_error
 .text.z_early_memset
                0x000000000000535c        0x4 zephyr/kernel/libkernel.a(init.c.obj)
                0x000000000000535c                z_early_memset
 .text.z_early_memcpy
                0x0000000000005360        0x4 zephyr/kernel/libkernel.a(init.c.obj)
                0x0000000000005360                z_early_memcpy
 .text.k_is_in_isr
                0x0000000000005364        0xc zephyr/kernel/libkernel.a(thread.c.obj)
                0x0000000000005364                k_is_in_isr
 .text.z_pm_save_idle_exit
                0x0000000000005370        0xe zephyr/kernel/libkernel.a(idle.c.obj)
                0x0000000000005370                z_pm_save_idle_exit
 .text.sys_dlist_remove
                0x000000000000537e       0x10 zephyr/kernel/libkernel.a(sched.c.obj)
 .text.unpend_thread_no_timeout
                0x000000000000538e       0x14 zephyr/kernel/libkernel.a(sched.c.obj)
 .text.z_thread_timeout
                0x00000000000053a2       0x44 zephyr/kernel/libkernel.a(sched.c.obj)
                0x00000000000053a2                z_thread_timeout
 .text.add_to_waitq_locked
                0x00000000000053e6       0x50 zephyr/kernel/libkernel.a(sched.c.obj)
 .text.z_ready_thread
                0x0000000000005436       0x20 zephyr/kernel/libkernel.a(sched.c.obj)
                0x0000000000005436                z_ready_thread
 .text.z_unpend_first_thread
                0x0000000000005456       0x38 zephyr/kernel/libkernel.a(sched.c.obj)
                0x0000000000005456                z_unpend_first_thread
 .text.z_reschedule_irqlock
                0x000000000000548e       0x18 zephyr/kernel/libkernel.a(sched.c.obj)
                0x000000000000548e                z_reschedule_irqlock
 .text.z_reschedule_unlocked
                0x00000000000054a6       0x14 zephyr/kernel/libkernel.a(sched.c.obj)
 .text.z_abort_timeout
                0x00000000000054ba       0x2c zephyr/kernel/libkernel.a(timeout.c.obj)
                0x00000000000054ba                z_abort_timeout
 .text.z_get_next_timeout_expiry
                0x00000000000054e6       0x20 zephyr/kernel/libkernel.a(timeout.c.obj)
                0x00000000000054e6                z_get_next_timeout_expiry
 .text.z_set_timeout_expiry
                0x0000000000005506       0x38 zephyr/kernel/libkernel.a(timeout.c.obj)
                0x0000000000005506                z_set_timeout_expiry
 .text.sys_clock_tick_get_32
                0x000000000000553e        0x8 zephyr/kernel/libkernel.a(timeout.c.obj)
                0x000000000000553e                sys_clock_tick_get_32
 .text.z_impl_k_busy_wait
                0x0000000000005546        0x8 zephyr/kernel/libkernel.a(timeout.c.obj)
                0x0000000000005546                z_impl_k_busy_wait
 .text._OffsetAbsSyms
                0x000000000000554e        0x2 zephyr/CMakeFiles/offsets.dir/./arch/arm/core/offsets/offsets.c.obj
                0x000000000000554e                _OffsetAbsSyms
 *(SORT_BY_ALIGNMENT(.TEXT.*))
 *(SORT_BY_ALIGNMENT(.gnu.linkonce.t.*))
 *(SORT_BY_ALIGNMENT(.glue_7t))
 .glue_7t       0x0000000000005550        0x0 linker stubs
 *(SORT_BY_ALIGNMENT(.glue_7))
 .glue_7        0x0000000000005550        0x0 linker stubs
 *(SORT_BY_ALIGNMENT(.vfp11_veneer))
 .vfp11_veneer  0x0000000000005550        0x0 linker stubs
 *(SORT_BY_ALIGNMENT(.v4_bx))
 .v4_bx         0x0000000000005550        0x0 linker stubs
                0x0000000000005550                . = ALIGN (0x4)
                0x0000000000005550                __text_region_end = .

.ARM.exidx      0x0000000000005550        0x8
                0x0000000000005550                __exidx_start = .
 *(SORT_BY_ALIGNMENT(.ARM.exidx*) SORT_BY_ALIGNMENT(gnu.linkonce.armexidx.*))
 .ARM.exidx     0x0000000000005550        0x8 c:/nordicsemi/toolchains/v2.3.0/opt/zephyr-sdk/arm-zephyr-eabi/bin/../lib/gcc/arm-zephyr-eabi/12.1.0/thumb/v7e-m/nofp\libgcc.a(_udivmoddi4.o)
                0x0000000000005558                __exidx_end = .
                0x0000000000005558                __rodata_region_start = .

initlevel       0x0000000000005558       0x40
                0x0000000000005558                __init_start = .
                0x0000000000005558                __init_EARLY_start = .
 *(SORT_BY_NAME(SORT_BY_ALIGNMENT(.z_init_EARLY[0-9]_*)))
 *(SORT_BY_NAME(SORT_BY_ALIGNMENT(.z_init_EARLY[1-9][0-9]_*)))
                0x0000000000005558                __init_PRE_KERNEL_1_start = .
 *(SORT_BY_NAME(SORT_BY_ALIGNMENT(.z_init_PRE_KERNEL_1[0-9]_*)))
 .z_init_PRE_KERNEL_10_
                0x0000000000005558        0x8 zephyr/soc/arm/nordic_nrf/nrf52/libsoc__arm__nordic_nrf__nrf52.a(soc.c.obj)
 *(SORT_BY_NAME(SORT_BY_ALIGNMENT(.z_init_PRE_KERNEL_1[1-9][0-9]_*)))
 .z_init_PRE_KERNEL_130_
                0x0000000000005560        0x8 zephyr/drivers/clock_control/libdrivers__clock_control.a(clock_control_nrf.c.obj)
 .z_init_PRE_KERNEL_130_
                0x0000000000005568        0x8 modules/segger/libmodules__segger.a(SEGGER_RTT_zephyr.c.obj)
 .z_init_PRE_KERNEL_140_
                0x0000000000005570        0x8 zephyr/drivers/gpio/libdrivers__gpio.a(gpio_nrfx.c.obj)
 .z_init_PRE_KERNEL_155_
                0x0000000000005578        0x8 zephyr/drivers/serial/libdrivers__serial.a(uart_nrfx_uarte.c.obj)
 .z_init_PRE_KERNEL_160_
                0x0000000000005580        0x8 zephyr/drivers/console/libdrivers__console.a(uart_console.c.obj)
                0x0000000000005588                __init_PRE_KERNEL_2_start = .
 *(SORT_BY_NAME(SORT_BY_ALIGNMENT(.z_init_PRE_KERNEL_2[0-9]_*)))
 .z_init_PRE_KERNEL_20_
                0x0000000000005588        0x8 zephyr/drivers/timer/libdrivers__timer.a(nrf_rtc_timer.c.obj)
 *(SORT_BY_NAME(SORT_BY_ALIGNMENT(.z_init_PRE_KERNEL_2[1-9][0-9]_*)))
                0x0000000000005590                __init_POST_KERNEL_start = .
 *(SORT_BY_NAME(SORT_BY_ALIGNMENT(.z_init_POST_KERNEL[0-9]_*)))
 *(SORT_BY_NAME(SORT_BY_ALIGNMENT(.z_init_POST_KERNEL[1-9][0-9]_*)))
 .z_init_POST_KERNEL50_
                0x0000000000005590        0x8 zephyr/drivers/i2c/libdrivers__i2c.a(i2c_nrfx_twi.c.obj)
                0x0000000000005598                __init_APPLICATION_start = .
 *(SORT_BY_NAME(SORT_BY_ALIGNMENT(.z_init_APPLICATION[0-9]_*)))
 *(SORT_BY_NAME(SORT_BY_ALIGNMENT(.z_init_APPLICATION[1-9][0-9]_*)))
                0x0000000000005598                __init_SMP_start = .
 *(SORT_BY_NAME(SORT_BY_ALIGNMENT(.z_init_SMP[0-9]_*)))
 *(SORT_BY_NAME(SORT_BY_ALIGNMENT(.z_init_SMP[1-9][0-9]_*)))
                0x0000000000005598                __init_end = .

devices         0x0000000000005598       0x60
                0x0000000000005598                __device_start = .
                0x0000000000005598                __device_EARLY_start = .
 *(SORT_BY_NAME(SORT_BY_ALIGNMENT(.z_device_EARLY[0-9]_*)))
 *(SORT_BY_NAME(SORT_BY_ALIGNMENT(.z_device_EARLY[1-9][0-9]_*)))
                0x0000000000005598                __device_PRE_KERNEL_1_start = .
 *(SORT_BY_NAME(SORT_BY_ALIGNMENT(.z_device_PRE_KERNEL_1[0-9]_*)))
 *(SORT_BY_NAME(SORT_BY_ALIGNMENT(.z_device_PRE_KERNEL_1[1-9][0-9]_*)))
 .z_device_PRE_KERNEL_130_
                0x0000000000005598       0x18 zephyr/drivers/clock_control/libdrivers__clock_control.a(clock_control_nrf.c.obj)
                0x0000000000005598                __device_dts_ord_59
 .z_device_PRE_KERNEL_140_
                0x00000000000055b0       0x18 zephyr/drivers/gpio/libdrivers__gpio.a(gpio_nrfx.c.obj)
                0x00000000000055b0                __device_dts_ord_11
 .z_device_PRE_KERNEL_155_
                0x00000000000055c8       0x18 zephyr/drivers/serial/libdrivers__serial.a(uart_nrfx_uarte.c.obj)
                0x00000000000055c8                __device_dts_ord_95
                0x00000000000055e0                __device_PRE_KERNEL_2_start = .
 *(SORT_BY_NAME(SORT_BY_ALIGNMENT(.z_device_PRE_KERNEL_2[0-9]_*)))
 *(SORT_BY_NAME(SORT_BY_ALIGNMENT(.z_device_PRE_KERNEL_2[1-9][0-9]_*)))
                0x00000000000055e0                __device_POST_KERNEL_start = .
 *(SORT_BY_NAME(SORT_BY_ALIGNMENT(.z_device_POST_KERNEL[0-9]_*)))
 *(SORT_BY_NAME(SORT_BY_ALIGNMENT(.z_device_POST_KERNEL[1-9][0-9]_*)))
 .z_device_POST_KERNEL50_
                0x00000000000055e0       0x18 zephyr/drivers/i2c/libdrivers__i2c.a(i2c_nrfx_twi.c.obj)
                0x00000000000055e0                __device_dts_ord_106
                0x00000000000055f8                __device_APPLICATION_start = .
 *(SORT_BY_NAME(SORT_BY_ALIGNMENT(.z_device_APPLICATION[0-9]_*)))
 *(SORT_BY_NAME(SORT_BY_ALIGNMENT(.z_device_APPLICATION[1-9][0-9]_*)))
                0x00000000000055f8                __device_SMP_start = .
 *(SORT_BY_NAME(SORT_BY_ALIGNMENT(.z_device_SMP[0-9]_*)))
 *(SORT_BY_NAME(SORT_BY_ALIGNMENT(.z_device_SMP[1-9][0-9]_*)))
                0x00000000000055f8                __device_end = .

sw_isr_table    0x00000000000055f8      0x138
                0x00000000000055f8                . = ALIGN (0x4)
 *(SORT_BY_ALIGNMENT(.gnu.linkonce.sw_isr_table*))
 .gnu.linkonce.sw_isr_table
                0x00000000000055f8      0x138 zephyr/arch/common/libisr_tables.a(isr_tables.c.obj)
                0x00000000000055f8                _sw_isr_table

initlevel_error
                0x0000000000005558        0x0
 *(SORT_BY_NAME(SORT_BY_ALIGNMENT(.z_init_[_A-Z0-9]*)))
                0x0000000000000001                ASSERT ((SIZEOF (initlevel_error) == 0x0), Undefined initialization levels used.)

app_shmem_regions
                0x0000000000005730        0x0
                0x0000000000005730                __app_shmem_regions_start = .
 *(SORT_BY_NAME(SORT_BY_ALIGNMENT(.app_regions.*)))
                0x0000000000005730                __app_shmem_regions_end = .

k_p4wq_initparam_area
                0x0000000000005730        0x0
                0x0000000000005730                _k_p4wq_initparam_list_start = .
 *(SORT_BY_NAME(SORT_BY_ALIGNMENT(._k_p4wq_initparam.static.*)))
                0x0000000000005730                _k_p4wq_initparam_list_end = .

_static_thread_data_area
                0x0000000000005730        0x0
                0x0000000000005730                __static_thread_data_list_start = .
 *(SORT_BY_NAME(SORT_BY_ALIGNMENT(.__static_thread_data.static.*)))
                0x0000000000005730                __static_thread_data_list_end = .

device_handles  0x0000000000005730       0x42
                0x0000000000005730                __device_handles_start = .
 *(SORT_BY_NAME(SORT_BY_ALIGNMENT(.__device_handles_pass1*)))
 .__device_handles_pass1
                0x0000000000005730        0xa zephyr/drivers/clock_control/libdrivers__clock_control.a(clock_control_nrf.c.obj)
                0x0000000000005730                __devicehdl_dts_ord_59
 .__device_handles_pass1
                0x000000000000573a       0x1a zephyr/drivers/gpio/libdrivers__gpio.a(gpio_nrfx.c.obj)
                0x000000000000573a                __devicehdl_dts_ord_11
 .__device_handles_pass1
                0x0000000000005754       0x10 zephyr/drivers/i2c/libdrivers__i2c.a(i2c_nrfx_twi.c.obj)
                0x0000000000005754                __devicehdl_dts_ord_106
 .__device_handles_pass1
                0x0000000000005764        0xe zephyr/drivers/serial/libdrivers__serial.a(uart_nrfx_uarte.c.obj)
                0x0000000000005764                __devicehdl_dts_ord_95
                0x0000000000005772                __device_handles_end = .

ztest           0x0000000000005772        0x0
                0x0000000000005772                _ztest_expected_result_entry_list_start = .
 *(SORT_BY_NAME(SORT_BY_ALIGNMENT(._ztest_expected_result_entry.static.*)))
                0x0000000000005772                _ztest_expected_result_entry_list_end = .
                0x0000000000005772                _ztest_suite_node_list_start = .
 *(SORT_BY_NAME(SORT_BY_ALIGNMENT(._ztest_suite_node.static.*)))
                0x0000000000005772                _ztest_suite_node_list_end = .
                0x0000000000005772                _ztest_unit_test_list_start = .
 *(SORT_BY_NAME(SORT_BY_ALIGNMENT(._ztest_unit_test.static.*)))
                0x0000000000005772                _ztest_unit_test_list_end = .
                0x0000000000005772                _ztest_test_rule_list_start = .
 *(SORT_BY_NAME(SORT_BY_ALIGNMENT(._ztest_test_rule.static.*)))
                0x0000000000005772                _ztest_test_rule_list_end = .

bt_l2cap_fixed_chan_area
                0x0000000000005772        0x0
                0x0000000000005772                _bt_l2cap_fixed_chan_list_start = .
 *(SORT_BY_NAME(SORT_BY_ALIGNMENT(._bt_l2cap_fixed_chan.static.*)))
                0x0000000000005772                _bt_l2cap_fixed_chan_list_end = .

bt_gatt_service_static_area
                0x0000000000005772        0x0
                0x0000000000005772                _bt_gatt_service_static_list_start = .
 *(SORT_BY_NAME(SORT_BY_ALIGNMENT(._bt_gatt_service_static.static.*)))
                0x0000000000005772                _bt_gatt_service_static_list_end = .

log_strings_sections
                0x0000000000005772        0x0
                0x0000000000005772                __log_strings_start = .
 *(SORT_BY_NAME(SORT_BY_ALIGNMENT(.log_strings*)))
                0x0000000000005772                __log_strings_end = .

log_const_sections
                0x0000000000005774       0x70
                0x0000000000005774                __log_const_start = .
 *(SORT_BY_NAME(SORT_BY_ALIGNMENT(.log_const_*)))
 .log_const_NRFX_CLOCK
                0x0000000000005774        0x8 modules/hal_nordic/nrfx/libmodules__hal_nordic__nrfx.a(nrfx_clock.c.obj)
                0x0000000000005774                log_const_NRFX_CLOCK
 .log_const_NRFX_GPIOTE
                0x000000000000577c        0x8 modules/hal_nordic/nrfx/libmodules__hal_nordic__nrfx.a(nrfx_gpiote.c.obj)
                0x000000000000577c                log_const_NRFX_GPIOTE
 .log_const_NRFX_PPI
                0x0000000000005784        0x8 modules/hal_nordic/nrfx/libmodules__hal_nordic__nrfx.a(nrfx_ppi.c.obj)
                0x0000000000005784                log_const_NRFX_PPI
 .log_const_NRFX_TWI
                0x000000000000578c        0x8 modules/hal_nordic/nrfx/libmodules__hal_nordic__nrfx.a(nrfx_twi.c.obj)
                0x000000000000578c                log_const_NRFX_TWI
 .log_const_cbprintf_package
                0x0000000000005794        0x8 zephyr/libzephyr.a(cbprintf_packaged.c.obj)
                0x0000000000005794                log_const_cbprintf_package
 .log_const_clock_control
                0x000000000000579c        0x8 zephyr/drivers/clock_control/libdrivers__clock_control.a(clock_control_nrf.c.obj)
                0x000000000000579c                log_const_clock_control
 .log_const_fatal_error
                0x00000000000057a4        0x8 modules/nrf/lib/fatal_error/lib..__nrf__lib__fatal_error.a(fatal_error.c.obj)
                0x00000000000057a4                log_const_fatal_error
 .log_const_i2c
                0x00000000000057ac        0x8 zephyr/drivers/i2c/libdrivers__i2c.a(i2c_common.c.obj)
                0x00000000000057ac                log_const_i2c
 .log_const_i2c_nrfx_twi
                0x00000000000057b4        0x8 zephyr/drivers/i2c/libdrivers__i2c.a(i2c_nrfx_twi.c.obj)
                0x00000000000057b4                log_const_i2c_nrfx_twi
 .log_const_mpu
                0x00000000000057bc        0x8 zephyr/arch/arch/arm/core/aarch32/mpu/libarch__arm__core__aarch32__mpu.a(arm_core_mpu.c.obj)
                0x00000000000057bc                log_const_mpu
 .log_const_os  0x00000000000057c4        0x8 zephyr/kernel/libkernel.a(init.c.obj)
                0x00000000000057c4                log_const_os
 .log_const_pm  0x00000000000057cc        0x8 zephyr/libzephyr.a(pm.c.obj)
                0x00000000000057cc                log_const_pm
 .log_const_soc
                0x00000000000057d4        0x8 zephyr/soc/arm/nordic_nrf/nrf52/libsoc__arm__nordic_nrf__nrf52.a(soc.c.obj)
                0x00000000000057d4                log_const_soc
 .log_const_uart_nrfx_uarte
                0x00000000000057dc        0x8 zephyr/drivers/serial/libdrivers__serial.a(uart_nrfx_uarte.c.obj)
                0x00000000000057dc                log_const_uart_nrfx_uarte
                0x00000000000057e4                __log_const_end = .

log_backend_area
                0x00000000000057e4        0x0
                0x00000000000057e4                _log_backend_list_start = .
 *(SORT_BY_NAME(SORT_BY_ALIGNMENT(._log_backend.static.*)))
                0x00000000000057e4                _log_backend_list_end = .

log_link_area   0x00000000000057e4        0x0
                0x00000000000057e4                _log_link_list_start = .
 *(SORT_BY_NAME(SORT_BY_ALIGNMENT(._log_link.static.*)))
                0x00000000000057e4                _log_link_list_end = .

tracing_backend_area
                0x00000000000057e4        0x0
                0x00000000000057e4                _tracing_backend_list_start = .
 *(SORT_BY_NAME(SORT_BY_ALIGNMENT(._tracing_backend.static.*)))
                0x00000000000057e4                _tracing_backend_list_end = .

zephyr_dbg_info
 *(SORT_BY_ALIGNMENT(.dbg_thread_info))

symbol_to_keep  0x00000000000057e4        0x0
                0x00000000000057e4                __symbol_to_keep_start = .
 *(SORT_BY_NAME(SORT_BY_ALIGNMENT(.symbol_to_keep*)))
                0x00000000000057e4                __symbol_to_keep_end = .

shell_area      0x00000000000057e4        0x0
                0x00000000000057e4                _shell_list_start = .
 *(SORT_BY_NAME(SORT_BY_ALIGNMENT(._shell.static.*)))
                0x00000000000057e4                _shell_list_end = .

shell_root_cmds_sections
                0x00000000000057e4        0x0
                0x00000000000057e4                __shell_root_cmds_start = .
 *(SORT_BY_NAME(SORT_BY_ALIGNMENT(.shell_root_cmd_*)))
                0x00000000000057e4                __shell_root_cmds_end = .

shell_subcmds_sections
                0x00000000000057e4        0x0
                0x00000000000057e4                __shell_subcmds_start = .
 *(SORT_BY_NAME(SORT_BY_ALIGNMENT(.shell_subcmd_*)))
                0x00000000000057e4                __shell_subcmds_end = .

shell_dynamic_subcmds_sections
                0x00000000000057e4        0x0
                0x00000000000057e4                __shell_dynamic_subcmds_start = .
 *(SORT_BY_NAME(SORT_BY_ALIGNMENT(.shell_dynamic_subcmd_*)))
                0x00000000000057e4                __shell_dynamic_subcmds_end = .

font_entry_sections
                0x00000000000057e4        0x0
                0x00000000000057e4                __font_entry_start = .
 *(SORT_BY_NAME(SORT_BY_ALIGNMENT(._cfb_font.*)))
                0x00000000000057e4                __font_entry_end = .

rodata          0x00000000000057f0      0x2cc
 *(SORT_BY_ALIGNMENT(.rodata))
 *(SORT_BY_ALIGNMENT(.rodata.*))
 .rodata.delay_machine_code.0
                0x00000000000057f0        0x6 zephyr/soc/arm/nordic_nrf/nrf52/libsoc__arm__nordic_nrf__nrf52.a(soc.c.obj)
 *fill*         0x00000000000057f6        0x2 
 .rodata.pmstates_DT_N_S_cpus_S_cpu_0
                0x00000000000057f8        0x0 zephyr/libzephyr.a(state.c.obj)
 .rodata.static_regions
                0x00000000000057f8        0xc zephyr/arch/arch/arm/core/aarch32/mpu/libarch__arm__core__aarch32__mpu.a(arm_core_mpu.c.obj)
 .rodata.mpu_config
                0x0000000000005804        0x8 zephyr/soc/arm/common/cortex_m/libsoc__arm__common__cortex_m.a(arm_mpu_regions.c.obj)
                0x0000000000005804                mpu_config
 .rodata.mpu_regions
                0x000000000000580c       0x18 zephyr/soc/arm/common/cortex_m/libsoc__arm__common__cortex_m.a(arm_mpu_regions.c.obj)
 .rodata.transitions.0
                0x0000000000005824        0xc zephyr/drivers/clock_control/libdrivers__clock_control.a(clock_control_nrf.c.obj)
 .rodata.config
                0x0000000000005830       0x10 zephyr/drivers/clock_control/libdrivers__clock_control.a(clock_control_nrf.c.obj)
 .rodata.clock_control_api
                0x0000000000005840       0x1c zephyr/drivers/clock_control/libdrivers__clock_control.a(clock_control_nrf.c.obj)
 .rodata.gpio_nrfx_p0_cfg
                0x000000000000585c       0x10 zephyr/drivers/gpio/libdrivers__gpio.a(gpio_nrfx.c.obj)
 .rodata.gpio_nrfx_drv_api_funcs
                0x000000000000586c       0x24 zephyr/drivers/gpio/libdrivers__gpio.a(gpio_nrfx.c.obj)
 .rodata.twi_0z_config
                0x0000000000005890       0x1c zephyr/drivers/i2c/libdrivers__i2c.a(i2c_nrfx_twi.c.obj)
 .rodata.__pinctrl_dev_config__device_dts_ord_106
                0x00000000000058ac        0xc zephyr/drivers/i2c/libdrivers__i2c.a(i2c_nrfx_twi.c.obj)
 .rodata.__pinctrl_states__device_dts_ord_106
                0x00000000000058b8        0x8 zephyr/drivers/i2c/libdrivers__i2c.a(i2c_nrfx_twi.c.obj)
 .rodata.__pinctrl_state_pins_0__device_dts_ord_106
                0x00000000000058c0        0x8 zephyr/drivers/i2c/libdrivers__i2c.a(i2c_nrfx_twi.c.obj)
 .rodata.i2c_nrfx_twi_driver_api
                0x00000000000058c8       0x18 zephyr/drivers/i2c/libdrivers__i2c.a(i2c_nrfx_twi.c.obj)
 .rodata.uarte_0z_config
                0x00000000000058e0       0x10 zephyr/drivers/serial/libdrivers__serial.a(uart_nrfx_uarte.c.obj)
 .rodata.__pinctrl_dev_config__device_dts_ord_95
                0x00000000000058f0        0xc zephyr/drivers/serial/libdrivers__serial.a(uart_nrfx_uarte.c.obj)
 .rodata.__pinctrl_states__device_dts_ord_95
                0x00000000000058fc        0x8 zephyr/drivers/serial/libdrivers__serial.a(uart_nrfx_uarte.c.obj)
 .rodata.__pinctrl_state_pins_0__device_dts_ord_95
                0x0000000000005904       0x10 zephyr/drivers/serial/libdrivers__serial.a(uart_nrfx_uarte.c.obj)
 .rodata.uart_nrfx_uarte_driver_api
                0x0000000000005914       0x14 zephyr/drivers/serial/libdrivers__serial.a(uart_nrfx_uarte.c.obj)
 .rodata._k_neg_eagain
                0x0000000000005928        0x4 zephyr/kernel/libkernel.a(errno.c.obj)
                0x0000000000005928                _k_neg_eagain
 .rodata.levels.0
                0x000000000000592c       0x18 zephyr/kernel/libkernel.a(init.c.obj)
 .rodata.main.str1.1
                0x0000000000005944       0x4c app/libapp.a(main.c.obj)
 .rodata.str1.1
                0x0000000000005990       0x11 zephyr/libzephyr.a(cbprintf_packaged.c.obj)
 .rodata.z_cbvprintf_impl.str1.1
                0x00000000000059a1        0x6 zephyr/libzephyr.a(cbprintf_complete.c.obj)
 .rodata.str1.1
                0x00000000000059a7        0x3 zephyr/libzephyr.a(pm.c.obj)
 .rodata.str1.1
                0x00000000000059aa        0x4 zephyr/arch/arch/arm/core/aarch32/mpu/libarch__arm__core__aarch32__mpu.a(arm_core_mpu.c.obj)
 .rodata.str1.1
                0x00000000000059ae        0xf zephyr/soc/arm/common/cortex_m/libsoc__arm__common__cortex_m.a(arm_mpu_regions.c.obj)
 .rodata.str1.1
                0x00000000000059bd        0x4 zephyr/soc/arm/nordic_nrf/nrf52/libsoc__arm__nordic_nrf__nrf52.a(soc.c.obj)
 .rodata.str1.1
                0x00000000000059c1       0x1d zephyr/drivers/clock_control/libdrivers__clock_control.a(clock_control_nrf.c.obj)
 .rodata.str1.1
                0x00000000000059de        0xe zephyr/drivers/gpio/libdrivers__gpio.a(gpio_nrfx.c.obj)
 .rodata.str1.1
                0x00000000000059ec        0x4 zephyr/drivers/i2c/libdrivers__i2c.a(i2c_common.c.obj)
 .rodata.str1.1
                0x00000000000059f0       0x1a zephyr/drivers/i2c/libdrivers__i2c.a(i2c_nrfx_twi.c.obj)
 .rodata.str1.1
                0x0000000000005a0a       0x1e zephyr/drivers/serial/libdrivers__serial.a(uart_nrfx_uarte.c.obj)
 .rodata.str1.1
                0x0000000000005a28        0xc modules/nrf/lib/fatal_error/lib..__nrf__lib__fatal_error.a(fatal_error.c.obj)
 .rodata.CSWTCH.20
                0x0000000000005a34        0x5 modules/hal_nordic/nrfx/libmodules__hal_nordic__nrfx.a(system_nrf52.c.obj)
 .rodata.CSWTCH.18
                0x0000000000005a39        0x5 modules/hal_nordic/nrfx/libmodules__hal_nordic__nrfx.a(system_nrf52.c.obj)
 .rodata.CSWTCH.14
                0x0000000000005a3e        0x5 modules/hal_nordic/nrfx/libmodules__hal_nordic__nrfx.a(system_nrf52.c.obj)
 .rodata.CSWTCH.4
                0x0000000000005a43        0x5 modules/hal_nordic/nrfx/libmodules__hal_nordic__nrfx.a(system_nrf52.c.obj)
 .rodata.str1.1
                0x0000000000005a48        0xb modules/hal_nordic/nrfx/libmodules__hal_nordic__nrfx.a(nrfx_clock.c.obj)
 .rodata.str1.1
                0x0000000000005a53        0xc modules/hal_nordic/nrfx/libmodules__hal_nordic__nrfx.a(nrfx_gpiote.c.obj)
 .rodata.str1.1
                0x0000000000005a5f        0x9 modules/hal_nordic/nrfx/libmodules__hal_nordic__nrfx.a(nrfx_ppi.c.obj)
 .rodata.str1.1
                0x0000000000005a68        0x9 modules/hal_nordic/nrfx/libmodules__hal_nordic__nrfx.a(nrfx_twi.c.obj)
 .rodata._DoInit.str1.1
                0x0000000000005a71       0x14 modules/segger/libmodules__segger.a(SEGGER_RTT.c.obj)
 .rodata.z_cstart.str1.1
                0x0000000000005a85        0x5 zephyr/kernel/libkernel.a(init.c.obj)
 .rodata.str1.1
                0x0000000000005a8a        0x3 zephyr/kernel/libkernel.a(init.c.obj)
 .rodata.boot_banner.str1.1
                0x0000000000005a8d       0x2e zephyr/kernel/libkernel.a(banner.c.obj)
 *(SORT_BY_ALIGNMENT(.gnu.linkonce.r.*))
                0x0000000000005abc                . = ALIGN (0x4)
 *fill*         0x0000000000005abb        0x1 
                0x0000000000005abc                __rodata_region_end = .
                0x0000000000005ac0                . = ALIGN (_region_min_align)
                0x0000000000008000                . = ALIGN ((0x1 << ((__rodata_region_end - ADDR (rom_start)) <= 0x4)?0x2:((__rodata_region_end - ADDR (rom_start)) <= 0x8)?0x3:((__rodata_region_end - ADDR (rom_start)) <= 0x10)?0x4:((__rodata_region_end - ADDR (rom_start)) <= 0x20)?0x5:((__rodata_region_end - ADDR (rom_start)) <= 0x40)?0x6:((__rodata_region_end - ADDR (rom_start)) <= 0x80)?0x7:((__rodata_region_end - ADDR (rom_start)) <= 0x100)?0x8:((__rodata_region_end - ADDR (rom_start)) <= 0x200)?0x9:((__rodata_region_end - ADDR (rom_start)) <= 0x400)?0xa:((__rodata_region_end - ADDR (rom_start)) <= 0x800)?0xb:((__rodata_region_end - ADDR (rom_start)) <= 0x1000)?0xc:((__rodata_region_end - ADDR (rom_start)) <= 0x2000)?0xd:((__rodata_region_end - ADDR (rom_start)) <= 0x4000)?0xe:((__rodata_region_end - ADDR (rom_start)) <= 0x8000)?0xf:((__rodata_region_end - ADDR (rom_start)) <= 0x10000)?0x10:((__rodata_region_end - ADDR (rom_start)) <= 0x20000)?0x11:((__rodata_region_end - ADDR (rom_start)) <= 0x40000)?0x12:((__rodata_region_end - ADDR (rom_start)) <= 0x80000)?0x13:((__rodata_region_end - ADDR (rom_start)) <= 0x100000)?0x14:((__rodata_region_end - ADDR (rom_start)) <= 0x200000)?0x15:((__rodata_region_end - ADDR (rom_start)) <= 0x400000)?0x16:((__rodata_region_end - ADDR (rom_start)) <= 0x800000)?0x17:((__rodata_region_end - ADDR (rom_start)) <= 0x1000000)?0x18:((__rodata_region_end - ADDR (rom_start)) <= 0x2000000)?0x19:((__rodata_region_end - ADDR (rom_start)) <= 0x4000000)?0x1a:((__rodata_region_end - ADDR (rom_start)) <= 0x8000000)?0x1b:((__rodata_region_end - ADDR (rom_start)) <= 0x10000000)?0x1c:((__rodata_region_end - ADDR (rom_start)) <= 0x20000000)?0x1d:((__rodata_region_end - ADDR (rom_start)) <= 0x40000000)?0x1e:((__rodata_region_end - ADDR (rom_start)) <= 0x80000000)?0x1f:0x20))
                0x0000000000008000                __rom_region_end = ((__rom_region_start + .) - ADDR (rom_start))

/DISCARD/
 *(SORT_BY_ALIGNMENT(.got.plt))
 *(SORT_BY_ALIGNMENT(.igot.plt))
 *(SORT_BY_ALIGNMENT(.got))
 *(SORT_BY_ALIGNMENT(.igot))
                0x0000000020000000                . = 0x20000000
                0x0000000020000000                . = ALIGN (_region_min_align)
                0x0000000020000000                _image_ram_start = .

.ramfunc        0x0000000020000000        0x0 load address 0x0000000000005abc
                0x0000000020000000                . = ALIGN (_region_min_align)
                0x0000000020000000                . = ALIGN ((0x1 << (__ramfunc_size <= 0x4)?0x2:(__ramfunc_size <= 0x8)?0x3:(__ramfunc_size <= 0x10)?0x4:(__ramfunc_size <= 0x20)?0x5:(__ramfunc_size <= 0x40)?0x6:(__ramfunc_size <= 0x80)?0x7:(__ramfunc_size <= 0x100)?0x8:(__ramfunc_size <= 0x200)?0x9:(__ramfunc_size <= 0x400)?0xa:(__ramfunc_size <= 0x800)?0xb:(__ramfunc_size <= 0x1000)?0xc:(__ramfunc_size <= 0x2000)?0xd:(__ramfunc_size <= 0x4000)?0xe:(__ramfunc_size <= 0x8000)?0xf:(__ramfunc_size <= 0x10000)?0x10:(__ramfunc_size <= 0x20000)?0x11:(__ramfunc_size <= 0x40000)?0x12:(__ramfunc_size <= 0x80000)?0x13:(__ramfunc_size <= 0x100000)?0x14:(__ramfunc_size <= 0x200000)?0x15:(__ramfunc_size <= 0x400000)?0x16:(__ramfunc_size <= 0x800000)?0x17:(__ramfunc_size <= 0x1000000)?0x18:(__ramfunc_size <= 0x2000000)?0x19:(__ramfunc_size <= 0x4000000)?0x1a:(__ramfunc_size <= 0x8000000)?0x1b:(__ramfunc_size <= 0x10000000)?0x1c:(__ramfunc_size <= 0x20000000)?0x1d:(__ramfunc_size <= 0x40000000)?0x1e:(__ramfunc_size <= 0x80000000)?0x1f:0x20))
                0x0000000020000000                __ramfunc_start = .
 *(SORT_BY_ALIGNMENT(.ramfunc))
 *(SORT_BY_ALIGNMENT(.ramfunc.*))
                0x0000000020000000                . = ALIGN (_region_min_align)
                0x0000000020000000                . = ALIGN ((0x1 << (__ramfunc_size <= 0x4)?0x2:(__ramfunc_size <= 0x8)?0x3:(__ramfunc_size <= 0x10)?0x4:(__ramfunc_size <= 0x20)?0x5:(__ramfunc_size <= 0x40)?0x6:(__ramfunc_size <= 0x80)?0x7:(__ramfunc_size <= 0x100)?0x8:(__ramfunc_size <= 0x200)?0x9:(__ramfunc_size <= 0x400)?0xa:(__ramfunc_size <= 0x800)?0xb:(__ramfunc_size <= 0x1000)?0xc:(__ramfunc_size <= 0x2000)?0xd:(__ramfunc_size <= 0x4000)?0xe:(__ramfunc_size <= 0x8000)?0xf:(__ramfunc_size <= 0x10000)?0x10:(__ramfunc_size <= 0x20000)?0x11:(__ramfunc_size <= 0x40000)?0x12:(__ramfunc_size <= 0x80000)?0x13:(__ramfunc_size <= 0x100000)?0x14:(__ramfunc_size <= 0x200000)?0x15:(__ramfunc_size <= 0x400000)?0x16:(__ramfunc_size <= 0x800000)?0x17:(__ramfunc_size <= 0x1000000)?0x18:(__ramfunc_size <= 0x2000000)?0x19:(__ramfunc_size <= 0x4000000)?0x1a:(__ramfunc_size <= 0x8000000)?0x1b:(__ramfunc_size <= 0x10000000)?0x1c:(__ramfunc_size <= 0x20000000)?0x1d:(__ramfunc_size <= 0x40000000)?0x1e:(__ramfunc_size <= 0x80000000)?0x1f:0x20))
                0x0000000020000000                __ramfunc_end = .
                0x0000000000000000                __ramfunc_size = (__ramfunc_end - __ramfunc_start)
                0x0000000000005abc                __ramfunc_load_start = LOADADDR (.ramfunc)

datas           0x0000000020000000       0xbc load address 0x0000000000005abc
                0x0000000020000000                __data_region_start = .
                0x0000000020000000                __data_start = .
 *(SORT_BY_ALIGNMENT(.data))
 *(SORT_BY_ALIGNMENT(.data.*))
 .data._char_out
                0x0000000020000000        0x4 zephyr/libzephyr.a(printk.c.obj)
                0x0000000020000000                _char_out
 .data.max_latency_ticks
                0x0000000020000004        0x4 zephyr/libzephyr.a(policy.c.obj)
 .data._stdout_hook
                0x0000000020000008        0x4 zephyr/lib/libc/minimal/liblib__libc__minimal.a(stdout_console.c.obj)
 .data.twi_0_data
                0x000000002000000c       0x28 zephyr/drivers/i2c/libdrivers__i2c.a(i2c_nrfx_twi.c.obj)
 .data.uarte_0_data
                0x0000000020000034       0x1c zephyr/drivers/serial/libdrivers__serial.a(uart_nrfx_uarte.c.obj)
 .data.SystemCoreClock
                0x0000000020000050        0x4 modules/hal_nordic/nrfx/libmodules__hal_nordic__nrfx.a(system_nrf52.c.obj)
                0x0000000020000050                SystemCoreClock
 .data.m_cb     0x0000000020000054       0x5c modules/hal_nordic/nrfx/libmodules__hal_nordic__nrfx.a(nrfx_gpiote.c.obj)
 .data.m_channels_allocated
                0x00000000200000b0        0x4 modules/hal_nordic/nrfx/libmodules__hal_nordic__nrfx.a(nrfx_ppi.c.obj)
 .data.timeout_list
                0x00000000200000b4        0x8 zephyr/kernel/libkernel.a(timeout.c.obj)
 *(SORT_BY_ALIGNMENT(.kernel.*))
                0x00000000200000bc                __data_end = .
                0x00000000000000bc                __data_size = (__data_end - __data_start)
                0x0000000000005abc                __data_load_start = LOADADDR (datas)
                0x0000000000005abc                __data_region_load_start = LOADADDR (datas)

device_states   0x00000000200000bc        0x8 load address 0x0000000000005b78
                0x00000000200000bc                __device_states_start = .
 *(SORT_BY_ALIGNMENT(.z_devstate))
 .z_devstate    0x00000000200000bc        0x2 zephyr/drivers/clock_control/libdrivers__clock_control.a(clock_control_nrf.c.obj)
 .z_devstate    0x00000000200000be        0x2 zephyr/drivers/gpio/libdrivers__gpio.a(gpio_nrfx.c.obj)
 .z_devstate    0x00000000200000c0        0x2 zephyr/drivers/i2c/libdrivers__i2c.a(i2c_nrfx_twi.c.obj)
 .z_devstate    0x00000000200000c2        0x2 zephyr/drivers/serial/libdrivers__serial.a(uart_nrfx_uarte.c.obj)
 *(SORT_BY_ALIGNMENT(.z_devstate.*))
                0x00000000200000c4                __device_states_end = .

initshell       0x00000000200000c4        0x0 load address 0x0000000000005b80
                0x00000000200000c4                __shell_module_start = .
 *(SORT_BY_ALIGNMENT(.shell_module_*))
                0x00000000200000c4                __shell_module_end = .
                0x00000000200000c4                __shell_cmd_start = .
 *(SORT_BY_ALIGNMENT(.shell_cmd_*))
                0x00000000200000c4                __shell_cmd_end = .

log_mpsc_pbuf_area
                0x00000000200000c4        0x0 load address 0x0000000000005b80
                0x00000000200000c4                _log_mpsc_pbuf_list_start = .
 *(SORT_BY_NAME(SORT_BY_ALIGNMENT(._log_mpsc_pbuf.static.*)))
                0x00000000200000c4                _log_mpsc_pbuf_list_end = .

log_msg_ptr_area
                0x00000000200000c4        0x0 load address 0x0000000000005b80
                0x00000000200000c4                _log_msg_ptr_list_start = .
 *(SORT_BY_NAME(SORT_BY_ALIGNMENT(._log_msg_ptr.static.*)))
                0x00000000200000c4                _log_msg_ptr_list_end = .

log_dynamic_sections
                0x00000000200000c4        0x0 load address 0x0000000000005b80
                0x00000000200000c4                __log_dynamic_start = .
 *(SORT_BY_NAME(SORT_BY_ALIGNMENT(.log_dynamic_*)))
                0x00000000200000c4                __log_dynamic_end = .

k_timer_area    0x00000000200000c4        0x0 load address 0x0000000000005b80
                0x00000000200000c4                _k_timer_list_start = .
 *(SORT_BY_NAME(SORT_BY_ALIGNMENT(._k_timer.static.*)))
                0x00000000200000c4                _k_timer_list_end = .

k_mem_slab_area
                0x00000000200000c4        0x0 load address 0x0000000000005b80
                0x00000000200000c4                _k_mem_slab_list_start = .
 *(SORT_BY_NAME(SORT_BY_ALIGNMENT(._k_mem_slab.static.*)))
                0x00000000200000c4                _k_mem_slab_list_end = .

k_heap_area     0x00000000200000c4        0x0 load address 0x0000000000005b80
                0x00000000200000c4                _k_heap_list_start = .
 *(SORT_BY_NAME(SORT_BY_ALIGNMENT(._k_heap.static.*)))
                0x00000000200000c4                _k_heap_list_end = .

k_mutex_area    0x00000000200000c4        0x0 load address 0x0000000000005b80
                0x00000000200000c4                _k_mutex_list_start = .
 *(SORT_BY_NAME(SORT_BY_ALIGNMENT(._k_mutex.static.*)))
                0x00000000200000c4                _k_mutex_list_end = .

k_stack_area    0x00000000200000c4        0x0 load address 0x0000000000005b80
                0x00000000200000c4                _k_stack_list_start = .
 *(SORT_BY_NAME(SORT_BY_ALIGNMENT(._k_stack.static.*)))
                0x00000000200000c4                _k_stack_list_end = .

k_msgq_area     0x00000000200000c4        0x0 load address 0x0000000000005b80
                0x00000000200000c4                _k_msgq_list_start = .
 *(SORT_BY_NAME(SORT_BY_ALIGNMENT(._k_msgq.static.*)))
                0x00000000200000c4                _k_msgq_list_end = .

k_mbox_area     0x00000000200000c4        0x0 load address 0x0000000000005b80
                0x00000000200000c4                _k_mbox_list_start = .
 *(SORT_BY_NAME(SORT_BY_ALIGNMENT(._k_mbox.static.*)))
                0x00000000200000c4                _k_mbox_list_end = .

k_pipe_area     0x00000000200000c4        0x0 load address 0x0000000000005b80
                0x00000000200000c4                _k_pipe_list_start = .
 *(SORT_BY_NAME(SORT_BY_ALIGNMENT(._k_pipe.static.*)))
                0x00000000200000c4                _k_pipe_list_end = .

k_sem_area      0x00000000200000c4        0x0 load address 0x0000000000005b80
                0x00000000200000c4                _k_sem_list_start = .
 *(SORT_BY_NAME(SORT_BY_ALIGNMENT(._k_sem.static.*)))
                0x00000000200000c4                _k_sem_list_end = .

k_event_area    0x00000000200000c4        0x0 load address 0x0000000000005b80
                0x00000000200000c4                _k_event_list_start = .
 *(SORT_BY_NAME(SORT_BY_ALIGNMENT(._k_event.static.*)))
                0x00000000200000c4                _k_event_list_end = .

k_queue_area    0x00000000200000c4        0x0 load address 0x0000000000005b80
                0x00000000200000c4                _k_queue_list_start = .
 *(SORT_BY_NAME(SORT_BY_ALIGNMENT(._k_queue.static.*)))
                0x00000000200000c4                _k_queue_list_end = .

k_condvar_area  0x00000000200000c4        0x0 load address 0x0000000000005b80
                0x00000000200000c4                _k_condvar_list_start = .
 *(SORT_BY_NAME(SORT_BY_ALIGNMENT(._k_condvar.static.*)))
                0x00000000200000c4                _k_condvar_list_end = .

_net_buf_pool_area
                0x00000000200000c4        0x0 load address 0x0000000000005b80
                0x00000000200000c4                _net_buf_pool_list = .
 *(SORT_BY_NAME(SORT_BY_ALIGNMENT(._net_buf_pool.static.*)))
                0x00000000200000c4                __data_region_end = .

bss             0x00000000200000c8      0x711
                0x00000000200000c8                . = ALIGN (0x4)
                0x00000000200000c8                __bss_start = .
                0x00000000200000c8                __kernel_ram_start = .
 *(SORT_BY_ALIGNMENT(.bss))
 *(SORT_BY_ALIGNMENT(.bss.*))
 .bss.cc_data   0x00000000200000c8       0x10 zephyr/drivers/timer/libdrivers__timer.a(nrf_rtc_timer.c.obj)
 .bss.last_count
                0x00000000200000d8        0x8 zephyr/drivers/timer/libdrivers__timer.a(nrf_rtc_timer.c.obj)
 .bss.anchor    0x00000000200000e0        0x8 zephyr/drivers/timer/libdrivers__timer.a(nrf_rtc_timer.c.obj)
 .bss.z_idle_threads
                0x00000000200000e8       0x80 zephyr/kernel/libkernel.a(init.c.obj)
                0x00000000200000e8                z_idle_threads
 .bss.z_main_thread
                0x0000000020000168       0x80 zephyr/kernel/libkernel.a(init.c.obj)
                0x0000000020000168                z_main_thread
 .bss.curr_tick
                0x00000000200001e8        0x8 zephyr/kernel/libkernel.a(timeout.c.obj)
 .bss.z_cpus_pm_forced_state
                0x00000000200001f0        0xc zephyr/libzephyr.a(pm.c.obj)
 .bss.z_cpus_pm_state
                0x00000000200001fc        0xc zephyr/libzephyr.a(pm.c.obj)
 .bss.pm_notifiers
                0x0000000020000208        0x8 zephyr/libzephyr.a(pm.c.obj)
 .bss.z_post_ops_required
                0x0000000020000210        0x4 zephyr/libzephyr.a(pm.c.obj)
 .bss.dynamic_regions.0
                0x0000000020000214        0xc zephyr/arch/arch/arm/core/aarch32/mpu/libarch__arm__core__aarch32__mpu.a(arm_core_mpu.c.obj)
 .bss.cli.2     0x0000000020000220       0x10 zephyr/drivers/clock_control/libdrivers__clock_control.a(clock_control_nrf.c.obj)
 .bss.on.3      0x0000000020000230        0x4 zephyr/drivers/clock_control/libdrivers__clock_control.a(clock_control_nrf.c.obj)
 .bss.data      0x0000000020000234       0x50 zephyr/drivers/clock_control/libdrivers__clock_control.a(clock_control_nrf.c.obj)
 .bss.hfclk_users
                0x0000000020000284        0x4 zephyr/drivers/clock_control/libdrivers__clock_control.a(clock_control_nrf.c.obj)
 .bss.gpio_nrfx_p0_data
                0x0000000020000288        0xc zephyr/drivers/gpio/libdrivers__gpio.a(gpio_nrfx.c.obj)
 .bss.force_isr_mask
                0x0000000020000294        0x4 zephyr/drivers/timer/libdrivers__timer.a(nrf_rtc_timer.c.obj)
 .bss.int_mask  0x0000000020000298        0x4 zephyr/drivers/timer/libdrivers__timer.a(nrf_rtc_timer.c.obj)
 .bss.overflow_cnt
                0x000000002000029c        0x4 zephyr/drivers/timer/libdrivers__timer.a(nrf_rtc_timer.c.obj)
 .bss.m_clock_cb
                0x00000000200002a0        0x8 modules/hal_nordic/nrfx/libmodules__hal_nordic__nrfx.a(nrfx_clock.c.obj)
 .bss.m_cb      0x00000000200002a8       0x3c modules/hal_nordic/nrfx/libmodules__hal_nordic__nrfx.a(nrfx_twi.c.obj)
 .bss._SEGGER_RTT
                0x00000000200002e4       0xa8 modules/segger/libmodules__segger.a(SEGGER_RTT.c.obj)
                0x00000000200002e4                _SEGGER_RTT
 .bss._kernel   0x000000002000038c       0x28 zephyr/kernel/libkernel.a(init.c.obj)
                0x000000002000038c                _kernel
 .bss.pending_current
                0x00000000200003b4        0x4 zephyr/kernel/libkernel.a(sched.c.obj)
 .bss.slice_max_prio
                0x00000000200003b8        0x4 zephyr/kernel/libkernel.a(sched.c.obj)
 .bss.slice_ticks
                0x00000000200003bc        0x4 zephyr/kernel/libkernel.a(sched.c.obj)
 .bss.announce_remaining
                0x00000000200003c0        0x4 zephyr/kernel/libkernel.a(timeout.c.obj)
 .bss.static_regions_num
                0x00000000200003c4        0x1 zephyr/arch/arch/arm/core/aarch32/mpu/libarch__arm__core__aarch32__mpu.a(arm_mpu.c.obj)
 .bss.once.1    0x00000000200003c5        0x1 zephyr/drivers/clock_control/libdrivers__clock_control.a(clock_control_nrf.c.obj)
 .bss.uarte0_rx_data
                0x00000000200003c6        0x1 zephyr/drivers/serial/libdrivers__serial.a(uart_nrfx_uarte.c.obj)
 .bss.uarte0_char_out
                0x00000000200003c7        0x1 zephyr/drivers/serial/libdrivers__serial.a(uart_nrfx_uarte.c.obj)
 .bss._acDownBuffer
                0x00000000200003c8       0x10 modules/segger/libmodules__segger.a(SEGGER_RTT.c.obj)
 .bss._acUpBuffer
                0x00000000200003d8      0x400 modules/segger/libmodules__segger.a(SEGGER_RTT.c.obj)
 .bss.z_sys_post_kernel
                0x00000000200007d8        0x1 zephyr/kernel/libkernel.a(init.c.obj)
                0x00000000200007d8                z_sys_post_kernel
 .bss.lock      0x00000000200007d9        0x0 zephyr/kernel/libkernel.a(sem.c.obj)
 .bss.sched_spinlock
                0x00000000200007d9        0x0 zephyr/kernel/libkernel.a(sched.c.obj)
                0x00000000200007d9                sched_spinlock
 *(SORT_BY_ALIGNMENT(COMMON))
 *(SORT_BY_ALIGNMENT(.kernel_bss.*))
                0x00000000200007dc                __bss_end = ALIGN (0x4)

noinit          0x0000000020000800      0xe00
 *(SORT_BY_ALIGNMENT(.noinit))
 *(SORT_BY_ALIGNMENT(.noinit.*))
 .noinit."WEST_TOPDIR/zephyr/kernel/init.c".2
                0x0000000020000800      0x840 zephyr/kernel/libkernel.a(init.c.obj)
                0x0000000020000800                z_interrupt_stacks
 .noinit."WEST_TOPDIR/zephyr/kernel/init.c".1
                0x0000000020001040      0x180 zephyr/kernel/libkernel.a(init.c.obj)
 .noinit."WEST_TOPDIR/zephyr/kernel/init.c".0
                0x00000000200011c0      0x440 zephyr/kernel/libkernel.a(init.c.obj)
                0x00000000200011c0                z_main_stack
 *(SORT_BY_ALIGNMENT(.kernel_noinit.*))
                0x0000000020001600                _image_ram_end = .
                0x0000000020001600                _end = .
                0x0000000020010000                __kernel_ram_end = 0x20010000
                0x000000000000ff38                __kernel_ram_size = (__kernel_ram_end - __kernel_ram_start)

.intList        0x00000000fffff800       0x58
 *(SORT_BY_ALIGNMENT(.irq_info*))
 .irq_info      0x00000000fffff800        0x8 zephyr/arch/common/libisr_tables.a(isr_tables.c.obj)
                0x00000000fffff800                _iheader
 *(SORT_BY_ALIGNMENT(.intList*))
 .intList       0x00000000fffff808       0x10 zephyr/drivers/clock_control/libdrivers__clock_control.a(clock_control_nrf.c.obj)
 .intList       0x00000000fffff818       0x10 zephyr/drivers/gpio/libdrivers__gpio.a(gpio_nrfx.c.obj)
 .intList       0x00000000fffff828       0x10 zephyr/drivers/i2c/libdrivers__i2c.a(i2c_nrfx_twi.c.obj)
 .intList       0x00000000fffff838       0x10 zephyr/drivers/serial/libdrivers__serial.a(uart_nrfx_uarte.c.obj)
 .intList       0x00000000fffff848       0x10 zephyr/drivers/timer/libdrivers__timer.a(nrf_rtc_timer.c.obj)

.stab
 *(SORT_BY_ALIGNMENT(.stab))

.stabstr
 *(SORT_BY_ALIGNMENT(.stabstr))

.stab.excl
 *(SORT_BY_ALIGNMENT(.stab.excl))

.stab.exclstr
 *(SORT_BY_ALIGNMENT(.stab.exclstr))

.stab.index
 *(SORT_BY_ALIGNMENT(.stab.index))

.stab.indexstr
 *(SORT_BY_ALIGNMENT(.stab.indexstr))

.gnu.build.attributes
 *(SORT_BY_ALIGNMENT(.gnu.build.attributes) SORT_BY_ALIGNMENT(.gnu.build.attributes.*))

.comment        0x0000000000000000       0x20
 *(SORT_BY_ALIGNMENT(.comment))
 .comment       0x0000000000000000       0x20 app/libapp.a(main.c.obj)
                                         0x21 (size before relaxing)
 .comment       0x0000000000000020       0x21 zephyr/libzephyr.a(cbprintf_packaged.c.obj)
 .comment       0x0000000000000020       0x21 zephyr/libzephyr.a(printk.c.obj)
 .comment       0x0000000000000020       0x21 zephyr/libzephyr.a(thread_entry.c.obj)
 .comment       0x0000000000000020       0x21 zephyr/libzephyr.a(onoff.c.obj)
 .comment       0x0000000000000020       0x21 zephyr/libzephyr.a(notify.c.obj)
 .comment       0x0000000000000020       0x21 zephyr/libzephyr.a(cbprintf_complete.c.obj)
 .comment       0x0000000000000020       0x21 zephyr/libzephyr.a(configs.c.obj)
 .comment       0x0000000000000020       0x21 zephyr/libzephyr.a(pm.c.obj)
 .comment       0x0000000000000020       0x21 zephyr/libzephyr.a(policy.c.obj)
 .comment       0x0000000000000020       0x21 zephyr/libzephyr.a(state.c.obj)
 .comment       0x0000000000000020       0x21 zephyr/arch/arch/arm/core/aarch32/libarch__arm__core__aarch32.a(fatal.c.obj)
 .comment       0x0000000000000020       0x21 zephyr/arch/arch/arm/core/aarch32/libarch__arm__core__aarch32.a(irq_manage.c.obj)
 .comment       0x0000000000000020       0x21 zephyr/arch/arch/arm/core/aarch32/libarch__arm__core__aarch32.a(nmi.c.obj)
 .comment       0x0000000000000020       0x21 zephyr/arch/arch/arm/core/aarch32/libarch__arm__core__aarch32.a(prep_c.c.obj)
 .comment       0x0000000000000020       0x21 zephyr/arch/arch/arm/core/aarch32/libarch__arm__core__aarch32.a(swap.c.obj)
 .comment       0x0000000000000020       0x21 zephyr/arch/arch/arm/core/aarch32/libarch__arm__core__aarch32.a(thread.c.obj)
 .comment       0x0000000000000020       0x21 zephyr/arch/arch/arm/core/aarch32/cortex_m/libarch__arm__core__aarch32__cortex_m.a(fault.c.obj)
 .comment       0x0000000000000020       0x21 zephyr/arch/arch/arm/core/aarch32/cortex_m/libarch__arm__core__aarch32__cortex_m.a(irq_init.c.obj)
 .comment       0x0000000000000020       0x21 zephyr/arch/arch/arm/core/aarch32/cortex_m/libarch__arm__core__aarch32__cortex_m.a(scb.c.obj)
 .comment       0x0000000000000020       0x21 zephyr/arch/arch/arm/core/aarch32/cortex_m/libarch__arm__core__aarch32__cortex_m.a(thread_abort.c.obj)
 .comment       0x0000000000000020       0x21 zephyr/arch/arch/arm/core/aarch32/mpu/libarch__arm__core__aarch32__mpu.a(arm_core_mpu.c.obj)
 .comment       0x0000000000000020       0x21 zephyr/arch/arch/arm/core/aarch32/mpu/libarch__arm__core__aarch32__mpu.a(arm_mpu.c.obj)
 .comment       0x0000000000000020       0x21 zephyr/lib/libc/minimal/liblib__libc__minimal.a(string.c.obj)
 .comment       0x0000000000000020       0x21 zephyr/lib/libc/minimal/liblib__libc__minimal.a(stdout_console.c.obj)
 .comment       0x0000000000000020       0x21 zephyr/soc/arm/common/cortex_m/libsoc__arm__common__cortex_m.a(arm_mpu_regions.c.obj)
 .comment       0x0000000000000020       0x21 zephyr/soc/arm/nordic_nrf/nrf52/libsoc__arm__nordic_nrf__nrf52.a(soc.c.obj)
 .comment       0x0000000000000020       0x21 zephyr/soc/arm/nordic_nrf/nrf52/libsoc__arm__nordic_nrf__nrf52.a(power.c.obj)
 .comment       0x0000000000000020       0x21 zephyr/drivers/clock_control/libdrivers__clock_control.a(clock_control_nrf.c.obj)
 .comment       0x0000000000000020       0x21 zephyr/drivers/console/libdrivers__console.a(uart_console.c.obj)
 .comment       0x0000000000000020       0x21 zephyr/drivers/gpio/libdrivers__gpio.a(gpio_nrfx.c.obj)
 .comment       0x0000000000000020       0x21 zephyr/drivers/i2c/libdrivers__i2c.a(i2c_common.c.obj)
 .comment       0x0000000000000020       0x21 zephyr/drivers/i2c/libdrivers__i2c.a(i2c_nrfx_twi.c.obj)
 .comment       0x0000000000000020       0x21 zephyr/drivers/serial/libdrivers__serial.a(uart_nrfx_uarte.c.obj)
 .comment       0x0000000000000020       0x21 zephyr/drivers/timer/libdrivers__timer.a(sys_clock_init.c.obj)
 .comment       0x0000000000000020       0x21 zephyr/drivers/timer/libdrivers__timer.a(nrf_rtc_timer.c.obj)
 .comment       0x0000000000000020       0x21 zephyr/drivers/pinctrl/libdrivers__pinctrl.a(common.c.obj)
 .comment       0x0000000000000020       0x21 zephyr/drivers/pinctrl/libdrivers__pinctrl.a(pinctrl_nrf.c.obj)
 .comment       0x0000000000000020       0x21 modules/nrf/lib/fatal_error/lib..__nrf__lib__fatal_error.a(fatal_error.c.obj)
 .comment       0x0000000000000020       0x21 modules/hal_nordic/nrfx/libmodules__hal_nordic__nrfx.a(system_nrf52.c.obj)
 .comment       0x0000000000000020       0x21 modules/hal_nordic/nrfx/libmodules__hal_nordic__nrfx.a(nrfx_glue.c.obj)
 .comment       0x0000000000000020       0x21 modules/hal_nordic/nrfx/libmodules__hal_nordic__nrfx.a(nrfx_flag32_allocator.c.obj)
 .comment       0x0000000000000020       0x21 modules/hal_nordic/nrfx/libmodules__hal_nordic__nrfx.a(nrfx_clock.c.obj)
 .comment       0x0000000000000020       0x21 modules/hal_nordic/nrfx/libmodules__hal_nordic__nrfx.a(nrfx_gpiote.c.obj)
 .comment       0x0000000000000020       0x21 modules/hal_nordic/nrfx/libmodules__hal_nordic__nrfx.a(nrfx_ppi.c.obj)
 .comment       0x0000000000000020       0x21 modules/hal_nordic/nrfx/libmodules__hal_nordic__nrfx.a(nrfx_twi.c.obj)
 .comment       0x0000000000000020       0x21 modules/hal_nordic/nrfx/libmodules__hal_nordic__nrfx.a(nrfx_twi_twim.c.obj)
 .comment       0x0000000000000020       0x21 modules/segger/libmodules__segger.a(SEGGER_RTT.c.obj)
 .comment       0x0000000000000020       0x21 modules/segger/libmodules__segger.a(SEGGER_RTT_zephyr.c.obj)
 .comment       0x0000000000000020       0x21 zephyr/kernel/libkernel.a(device.c.obj)
 .comment       0x0000000000000020       0x21 zephyr/kernel/libkernel.a(errno.c.obj)
 .comment       0x0000000000000020       0x21 zephyr/kernel/libkernel.a(fatal.c.obj)
 .comment       0x0000000000000020       0x21 zephyr/kernel/libkernel.a(init.c.obj)
 .comment       0x0000000000000020       0x21 zephyr/kernel/libkernel.a(thread.c.obj)
 .comment       0x0000000000000020       0x21 zephyr/kernel/libkernel.a(idle.c.obj)
 .comment       0x0000000000000020       0x21 zephyr/kernel/libkernel.a(sem.c.obj)
 .comment       0x0000000000000020       0x21 zephyr/kernel/libkernel.a(sched.c.obj)
 .comment       0x0000000000000020       0x21 zephyr/kernel/libkernel.a(xip.c.obj)
 .comment       0x0000000000000020       0x21 zephyr/kernel/libkernel.a(timeout.c.obj)
 .comment       0x0000000000000020       0x21 zephyr/kernel/libkernel.a(banner.c.obj)
 .comment       0x0000000000000020       0x21 zephyr/CMakeFiles/offsets.dir/./arch/arm/core/offsets/offsets.c.obj
 .comment       0x0000000000000020       0x21 zephyr/arch/common/libisr_tables.a(isr_tables.c.obj)

.debug
 *(SORT_BY_ALIGNMENT(.debug))

.line
 *(SORT_BY_ALIGNMENT(.line))

.debug_srcinfo
 *(SORT_BY_ALIGNMENT(.debug_srcinfo))

.debug_sfnames
 *(SORT_BY_ALIGNMENT(.debug_sfnames))

.debug_aranges  0x0000000000000000     0x1528